[dotenv@17.2.3] injecting env (0) from .env -- tip: 🔐 prevent committing .env to code: https://dotenvx.com/precommit
Mode: development
Server is running on port 5051
[0mPOST /api/auth/login [32m200[0m 761.090 ms - 928[0m
[0mPOST /api/auth/login [32m200[0m 219.520 ms - 930[0m
[0mPOST /api/auth/login [32m200[0m 223.686 ms - 975[0m
[0mPOST /api/auth/login [32m200[0m 278.566 ms - -[0m
[0mPOST /api/auth/login [32m200[0m 255.427 ms - 965[0m
[0mGET /api/notifications [33m401[0m 0.606 ms - 88[0m
[0mGET /api/notifications [32m200[0m 768.654 ms - -[0m
[0mGET /api/notifications [32m200[0m 287.994 ms - -[0m
[0mGET /api/managers/team [32m200[0m 401.132 ms - -[0m
[0mGET /api/notifications [32m200[0m 1278.035 ms - -[0m
[0mPUT /api/managers/users/fd31725c-30cf-403e-8dbf-8ed04011f804 [33m403[0m 157.404 ms - 74[0m
[0mDELETE /api/managers/users/b6281f3d-8569-4419-a448-5f6bfa34d934 [33m400[0m 76.993 ms - 81[0m
[0mPUT /api/managers/users/b6281f3d-8569-4419-a448-5f6bfa34d934 [33m400[0m 154.608 ms - 92[0m
[0mPATCH /api/profiles [33m400[0m 75.833 ms - 94[0m
[0mPUT /api/managers/users/2f6aa7dc-0948-4fbe-866c-f8c0ac0af9ce [33m400[0m 159.421 ms - 71[0m
[0mPOST /api/auth/login [32m200[0m 212.342 ms - 928[0m
[0mPOST /api/auth/login [32m200[0m 213.366 ms - 975[0m
[0mGET /api/managers/team?role=MEDICAL_REP&limit=1000 [32m200[0m 389.449 ms - -[0m
[0mPOST /api/auth/login [32m200[0m 215.885 ms - -[0m
[0mPOST /api/auth/login [32m200[0m 207.797 ms - 965[0m
[0mGET /api/managers/team?role=SUPERVISOR&limit=1000 [32m200[0m 388.482 ms - -[0m
[0mPOST /api/auth/login [32m200[0m 214.287 ms - 930[0m
[0mPOST /api/auth/login [33m401[0m 124.971 ms - 72[0m
[0mGET /api/products [33m401[0m 0.176 ms - 88[0m
[0mPOST /api/auth/signup [33m403[0m 0.213 ms - 97[0m
[0mGET /api/products [32m200[0m 221.776 ms - 539[0m
[0mGET /api/doctors [32m200[0m 229.447 ms - -[0m
[0mGET /api/dashboard/supervisors [32m200[0m 832.708 ms - -[0m
[0mGET /api/pharmacies [32m200[0m 227.196 ms - -[0m
[0mGET /api/regions [32m200[0m 305.520 ms - 694[0m
[0mGET /api/sales [32m200[0m 512.946 ms - -[0m
[0mGET /api/sub-regions [32m200[0m 296.165 ms - 517[0m
[0mGET /api/sales/reps/fd31725c-30cf-403e-8dbf-8ed04011f804 [33m403[0m 221.303 ms - 85[0m
[0mGET /api/sales/reps/fd31725c-30cf-403e-8dbf-8ed04011f804 [33m403[0m 220.817 ms - 85[0m
[0mGET /api/accounts [32m200[0m 302.291 ms - 603[0m
[0mGET /api/managers/users [32m200[0m 400.450 ms - -[0m
[0mGET /api/sales/reps [32m200[0m 563.510 ms - 126[0m
[0mGET /api/managers/team [32m200[0m 416.549 ms - -[0m
[0mGET /api/managers/team/requests?role=MEDICAL_REP [32m200[0m 386.207 ms - -[0m
[0mPOST /api/doctors/bulk-import [33m400[0m 76.963 ms - 79[0m
[0mPATCH /api/coaching-reports/eb1df8a7-a9a4-4269-9d34-991d176d7263 [33m400[0m 77.378 ms - 81[0m
[0mGET /api/visits/all?paginate=false [32m200[0m 302.874 ms - -[0m
[0mPOST /api/pharmacies/bulk-import [33m400[0m 78.212 ms - 63[0m
[0mGET /api/visits/all?paginate=true [32m200[0m 302.708 ms - -[0m
[0mPOST /api/pharmacies/bulk-import [32m200[0m 305.613 ms - 78[0m
[0mGET /api/visits/all-visit-reports [32m200[0m 388.524 ms - -[0m
[0mPOST /api/doctors/bulk-import [32m201[0m 311.201 ms - 78[0m
[0mPOST /api/pharmacies/bulk-import [33m400[0m 75.942 ms - 85[0m
[0mGET /api/plans/all [32m200[0m 301.667 ms - -[0m
[0mGET /api/plans/mgmt [32m200[0m 479.524 ms - 223[0m
[0mPOST /api/plans [32m201[0m 824.716 ms - 693[0m
[0mGET /api/forecasts/all [32m200[0m 334.067 ms - -[0m
[0mGET /api/appraisals [32m200[0m 461.657 ms - -[0m
[0mPATCH /api/plans/52232b54-1248-4d4e-bfb2-85aea91ae3f2 [32m200[0m 627.069 ms - 694[0m
[0mPOST /api/plans [33m403[0m 155.161 ms - 85[0m
[0mGET /api/coaching-reports/all [32m200[0m 312.337 ms - -[0m
[0mGET /api/sales [32m200[0m 305.089 ms - -[0m
[0mGET /api/dashboard/reps?date=2026-10-04 [32m200[0m 472.939 ms - -[0m
[0mGET /api/dashboard/manager [32m200[0m 640.973 ms - -[0m
[0mGET /api/profiles [32m200[0m 155.444 ms - 700[0m
[0mPOST /api/visits/visit-reports [32m200[0m 544.626 ms - 431[0m
ApiError: This visit has already been completed or cancelled
    at file:///Users/marwan/Documents/Golderapharm/goldBack/controllers/visit.controller.js:329:15
    at process.processTicksAndRejections (node:internal/process/task_queues:104:5)
    at async Proxy._transactionWithCallback (/Users/marwan/Documents/Golderapharm/goldBack/node_modules/@prisma/client/runtime/client.js:75:4390)
    at async addVisitReports (file:///Users/marwan/Documents/Golderapharm/goldBack/controllers/visit.controller.js:323:20) {
  statusCode: 409,
  status: 'fail'
}
[0mPOST /api/visits/visit-reports [33m409[0m 617.148 ms - 97[0m
[0mGET /api/supervisors/team [32m200[0m 377.701 ms - -[0m
ApiError: Completed visits cannot be changed
    at updateVisit (file:///Users/marwan/Documents/Golderapharm/goldBack/controllers/visit.controller.js:580:13)
    at process.processTicksAndRejections (node:internal/process/task_queues:104:5) {
  statusCode: 409,
  status: 'fail'
}
[0mPATCH /api/visits/1df936f6-1c08-4fe7-8323-a9427723b0ae [33m409[0m 232.714 ms - 81[0m
[0mGET /api/supervisors/team/requests [32m200[0m 389.001 ms - -[0m
ApiError: Rating must be between 1 and 5
    at addVisitReports (file:///Users/marwan/Documents/Golderapharm/goldBack/controllers/visit.controller.js:317:26)
    at process.processTicksAndRejections (node:internal/process/task_queues:104:5) {
  statusCode: 400,
  status: 'fail'
}
[0mPOST /api/visits/visit-reports [33m400[0m 235.764 ms - 77[0m
[0mGET /api/visits/all?paginate=false [32m200[0m 242.903 ms - -[0m
[0mPOST /api/visits/visit-reports [33m400[0m 234.879 ms - 89[0m
[0mGET /api/visits/all-visit-reports [32m200[0m 391.010 ms - -[0m
ApiError: Submit a visit report to complete this visit
    at updateVisit (file:///Users/marwan/Documents/Golderapharm/goldBack/controllers/visit.controller.js:589:13)
    at process.processTicksAndRejections (node:internal/process/task_queues:104:5) {
  statusCode: 400,
  status: 'fail'
}
[0mPATCH /api/visits/d7a4e38e-dbcc-4f35-8dd4-babf8a3c88b1 [33m400[0m 229.622 ms - 91[0m
[0mGET /api/plans/mgmt [32m200[0m 398.898 ms - 223[0m
[0mGET /api/forecasts/all [32m200[0m 309.010 ms - -[0m
[0mPOST /api/visits/visit-reports [32m200[0m 546.926 ms - 428[0m
[0mGET /api/coaching-reports [32m200[0m 312.680 ms - 164[0m
[0mGET /api/visits/all-visit-reports?createdById=fd31725c-30cf-403e-8dbf-8ed04011f804 [32m200[0m 403.117 ms - 164[0m
[0mGET /api/reps/me [32m200[0m 307.086 ms - -[0m
[0mGET /api/profiles [32m200[0m 157.563 ms - 807[0m
[0mGET /api/visits/all-visit-reports?createdById=fd31725c-30cf-403e-8dbf-8ed04011f804&paginate=false [32m200[0m 306.552 ms - 98[0m
[0mPOST /api/plans [33m400[0m 78.531 ms - 73[0m
[0mPOST /api/plans [33m400[0m 78.244 ms - 81[0m
[0mGET /api/products [32m200[0m 228.716 ms - 539[0m
[0mPOST /api/appraisals [32m201[0m 243.572 ms - 950[0m
[0mGET /api/doctors [32m200[0m 230.738 ms - -[0m
[0mPOST /api/appraisals [33m400[0m 154.655 ms - 89[0m
[0mGET /api/pharmacies [32m200[0m 226.471 ms - -[0m
[0mPATCH /api/appraisals/2906f0aa-d70c-4a4a-8e8e-b2e1926119d6 [33m400[0m 80.516 ms - 84[0m
[0mPOST /api/regions [32m201[0m 155.015 ms - 251[0m
[0mGET /api/visits [32m200[0m 305.472 ms - -[0m
[0mPATCH /api/regions/ddefe9a4-6e28-496e-8a02-bf5f7187cb35 [32m200[0m 154.503 ms - 253[0m
[0mGET /api/visits?date=2026-10-04 [32m200[0m 306.674 ms - -[0m
[0mDELETE /api/regions/ddefe9a4-6e28-496e-8a02-bf5f7187cb35 [32m200[0m 236.337 ms - 60[0m
[0mDELETE /api/regions/ddefe9a4-6e28-496e-8a02-bf5f7187cb35 [33m404[0m 237.623 ms - 63[0m
[0mGET /api/visits/visit-reports [32m200[0m 382.984 ms - -[0m
[0mPOST /api/regions [33m403[0m 79.778 ms - 108[0m
[0mPOST /api/regions [33m400[0m 81.113 ms - 63[0m
[0mGET /api/requests [32m200[0m 314.580 ms - -[0m
[0mPOST /api/sub-regions [32m201[0m 155.880 ms - 266[0m
[0mPATCH /api/sub-regions/5f3d1a03-1db1-457d-b884-1aba0f038867 [32m200[0m 153.578 ms - 265[0m
[0mGET /api/plans [32m200[0m 311.633 ms - -[0m
[0mDELETE /api/sub-regions/5f3d1a03-1db1-457d-b884-1aba0f038867 [32m200[0m 302.730 ms - 60[0m
[0mGET /api/forecasts [32m200[0m 307.975 ms - -[0m
[0mGET /api/appraisals/rep [32m200[0m 246.542 ms - -[0m
[0mDELETE /api/sub-regions/5f3d1a03-1db1-457d-b884-1aba0f038867 [33m404[0m 314.306 ms - 63[0m
[0mPOST /api/sub-regions [33m403[0m 75.461 ms - 108[0m
[0mPOST /api/sub-regions [33m400[0m 75.924 ms - 63[0m
[0mGET /api/coaching-reports/rep [32m200[0m 308.006 ms - -[0m
[0mGET /api/sales [33m403[0m 77.047 ms - 108[0m
[0mPOST /api/accounts [32m201[0m 532.737 ms - 421[0m
[0mGET /api/dashboard/rep [32m200[0m 472.382 ms - -[0m
[0mPATCH /api/accounts/7cedcee3-4689-4cd0-927a-91712fa290b6 [32m200[0m 157.525 ms - 268[0m
[0mDELETE /api/accounts/7cedcee3-4689-4cd0-927a-91712fa290b6 [32m200[0m 231.716 ms - 60[0m
[0mGET /api/managers/team [32m200[0m 388.417 ms - -[0m
[0mDELETE /api/accounts/7cedcee3-4689-4cd0-927a-91712fa290b6 [33m404[0m 230.168 ms - 63[0m
[0mGET /api/managers/users?id=2f6aa7dc-0948-4fbe-866c-f8c0ac0af9ce [32m200[0m 311.158 ms - -[0m
[0mPOST /api/accounts [33m403[0m 76.942 ms - 108[0m
ApiError: Name is required
    at text (file:///Users/marwan/Documents/Golderapharm/goldBack/utils/validation.js:5:11)
    at addAccount (file:///Users/marwan/Documents/Golderapharm/goldBack/controllers/account.controller.js:15:15)
    at Layer.handleRequest (/Users/marwan/Documents/Golderapharm/goldBack/node_modules/router/lib/layer.js:152:17)
    at next (/Users/marwan/Documents/Golderapharm/goldBack/node_modules/router/lib/route.js:157:13)
    at file:///Users/marwan/Documents/Golderapharm/goldBack/middlewares/auth.middleware.js:85:5
    at Layer.handleRequest (/Users/marwan/Documents/Golderapharm/goldBack/node_modules/router/lib/layer.js:152:17)
    at next (/Users/marwan/Documents/Golderapharm/goldBack/node_modules/router/lib/route.js:157:13)
    at Route.dispatch (/Users/marwan/Documents/Golderapharm/goldBack/node_modules/router/lib/route.js:117:3)
    at handle (/Users/marwan/Documents/Golderapharm/goldBack/node_modules/router/index.js:435:11)
    at Layer.handleRequest (/Users/marwan/Documents/Golderapharm/goldBack/node_modules/router/lib/layer.js:152:17) {
  statusCode: 400,
  status: 'fail'
}
[0mPOST /api/accounts [33m400[0m 77.271 ms - 63[0m
[0mDELETE /api/regions/4c71e5c2-fda7-42da-b2ee-9d8d306b42e7 [33m409[0m 161.510 ms - 111[0m
[0mDELETE /api/sub-regions/8d47cae7-6d28-4502-9c43-622df6f02f1b [33m409[0m 153.893 ms - 118[0m
[0mGET /api/managers/users/2f6aa7dc-0948-4fbe-866c-f8c0ac0af9ce [32m200[0m 452.225 ms - -[0m
[0mDELETE /api/accounts/842ba5a0-a0d4-4430-bf2e-48c6e060e5ee [33m409[0m 152.224 ms - 103[0m
[0mGET /api/supervisors/team [32m200[0m 384.101 ms - -[0m
[0mGET /api/reps/me [32m200[0m 304.857 ms - -[0m
[0mPOST /api/products [32m201[0m 154.889 ms - 275[0m
[0mPOST /api/requests [32m201[0m 775.447 ms - 722[0m
[0mPATCH /api/products/f2efe14f-ac0d-4293-a4fb-472a3a980908 [32m200[0m 228.317 ms - 269[0m
undefined
ApiError: نوع الملف غير مدعوم: spoof.pdf. المسموح به: PDF
    at validateAndDetectFiles (file:///Users/marwan/Documents/Golderapharm/goldBack/utils/fileValidator.js:22:13)
    at process.processTicksAndRejections (node:internal/process/task_queues:104:5)
    at async createRequest (file:///Users/marwan/Documents/Golderapharm/goldBack/controllers/request.controller.js:93:26) {
  statusCode: 422,
  status: 'fail'
}
[0mPOST /api/requests [33m422[0m 78.122 ms - 119[0m
[0mPOST /api/requests [33m413[0m 82.157 ms - 85[0m
[0mPOST /api/sales [32m201[0m 498.279 ms - 77[0m
ApiError: Sales price must be a number of at least 0.01
    at number (file:///Users/marwan/Documents/Golderapharm/goldBack/utils/validation.js:18:11)
    at updateProduct (file:///Users/marwan/Documents/Golderapharm/goldBack/controllers/product.controller.js:115:28)
    at process.processTicksAndRejections (node:internal/process/task_queues:104:5) {
  statusCode: 400,
  status: 'fail'
}
[0mPATCH /api/products/f2efe14f-ac0d-4293-a4fb-472a3a980908 [33m400[0m 203.015 ms - 92[0m
ApiError: Name is required
    at text (file:///Users/marwan/Documents/Golderapharm/goldBack/utils/validation.js:5:11)
    at addProduct (file:///Users/marwan/Documents/Golderapharm/goldBack/controllers/product.controller.js:18:15)
    at Layer.handleRequest (/Users/marwan/Documents/Golderapharm/goldBack/node_modules/router/lib/layer.js:152:17)
    at next (/Users/marwan/Documents/Golderapharm/goldBack/node_modules/router/lib/route.js:157:13)
    at file:///Users/marwan/Documents/Golderapharm/goldBack/middlewares/auth.middleware.js:85:5
    at Layer.handleRequest (/Users/marwan/Documents/Golderapharm/goldBack/node_modules/router/lib/layer.js:152:17)
    at next (/Users/marwan/Documents/Golderapharm/goldBack/node_modules/router/lib/route.js:157:13)
    at Route.dispatch (/Users/marwan/Documents/Golderapharm/goldBack/node_modules/router/lib/route.js:117:3)
    at handle (/Users/marwan/Documents/Golderapharm/goldBack/node_modules/router/index.js:435:11)
    at Layer.handleRequest (/Users/marwan/Documents/Golderapharm/goldBack/node_modules/router/lib/layer.js:152:17) {
  statusCode: 400,
  status: 'fail'
}
[0mPOST /api/products [33m400[0m 80.253 ms - 63[0m
[0mGET /api/products?keyword=QA [32m200[0m 227.606 ms - 561[0m
[0mPOST /api/sales [32m201[0m 506.447 ms - 77[0m
ApiError: Page must be positive; limit must be between 1 and 1000
    at ApiFeatures.paginate (file:///Users/marwan/Documents/Golderapharm/goldBack/utils/apiFeatures.js:116:13)
    at ApiFeatures.applyFeatures (file:///Users/marwan/Documents/Golderapharm/goldBack/utils/apiFeatures.js:129:29)
    at getAllProducts (file:///Users/marwan/Documents/Golderapharm/goldBack/controllers/product.controller.js:55:50)
    at Layer.handleRequest (/Users/marwan/Documents/Golderapharm/goldBack/node_modules/router/lib/layer.js:152:17)
    at next (/Users/marwan/Documents/Golderapharm/goldBack/node_modules/router/lib/route.js:157:13)
    at Route.dispatch (/Users/marwan/Documents/Golderapharm/goldBack/node_modules/router/lib/route.js:117:3)
    at handle (/Users/marwan/Documents/Golderapharm/goldBack/node_modules/router/index.js:435:11)
    at Layer.handleRequest (/Users/marwan/Documents/Golderapharm/goldBack/node_modules/router/lib/layer.js:152:17)
    at /Users/marwan/Documents/Golderapharm/goldBack/node_modules/router/index.js:295:15
    at processParams (/Users/marwan/Documents/Golderapharm/goldBack/node_modules/router/index.js:582:12) {
  statusCode: 400,
  status: 'fail'
}
[0mGET /api/products?page=-1&limit=-5 [33m400[0m 78.159 ms - 102[0m
ApiError: Unsupported filter: notAField
    at ApiFeatures.filter (file:///Users/marwan/Documents/Golderapharm/goldBack/utils/apiFeatures.js:36:15)
    at ApiFeatures.applyFeatures (file:///Users/marwan/Documents/Golderapharm/goldBack/utils/apiFeatures.js:128:10)
    at getAllProducts (file:///Users/marwan/Documents/Golderapharm/goldBack/controllers/product.controller.js:55:50)
    at Layer.handleRequest (/Users/marwan/Documents/Golderapharm/goldBack/node_modules/router/lib/layer.js:152:17)
    at next (/Users/marwan/Documents/Golderapharm/goldBack/node_modules/router/lib/route.js:157:13)
    at Route.dispatch (/Users/marwan/Documents/Golderapharm/goldBack/node_modules/router/lib/route.js:117:3)
    at handle (/Users/marwan/Documents/Golderapharm/goldBack/node_modules/router/index.js:435:11)
    at Layer.handleRequest (/Users/marwan/Documents/Golderapharm/goldBack/node_modules/router/lib/layer.js:152:17)
    at /Users/marwan/Documents/Golderapharm/goldBack/node_modules/router/index.js:295:15
    at processParams (/Users/marwan/Documents/Golderapharm/goldBack/node_modules/router/index.js:582:12) {
  statusCode: 400,
  status: 'fail'
}
[0mGET /api/products?notAField=true [33m400[0m 112.700 ms - 76[0m
[0mPOST /api/products [33m403[0m 74.622 ms - 108[0m
ApiError: Row 3: product is not in the catalog
    at file:///Users/marwan/Documents/Golderapharm/goldBack/controllers/sales.controller.js:73:17
    at Array.map (<anonymous>)
    at addSale (file:///Users/marwan/Documents/Golderapharm/goldBack/controllers/sales.controller.js:66:8)
    at process.processTicksAndRejections (node:internal/process/task_queues:104:5) {
  statusCode: 400,
  status: 'fail'
}
[0mPOST /api/sales [33m400[0m 271.937 ms - 83[0m
[0mPOST /api/pharmacies [32m201[0m 152.043 ms - 294[0m
[0mPATCH /api/pharmacies/fbc3ab28-3229-4dc6-bc71-cc33a0d495c1 [32m200[0m 238.150 ms - 303[0m
ApiError: Name is required
    at text (file:///Users/marwan/Documents/Golderapharm/goldBack/utils/validation.js:5:11)
    at addPharmacy (file:///Users/marwan/Documents/Golderapharm/goldBack/controllers/pharmacies.controller.js:21:15)
    at Layer.handleRequest (/Users/marwan/Documents/Golderapharm/goldBack/node_modules/router/lib/layer.js:152:17)
    at next (/Users/marwan/Documents/Golderapharm/goldBack/node_modules/router/lib/route.js:157:13)
    at file:///Users/marwan/Documents/Golderapharm/goldBack/middlewares/auth.middleware.js:85:5
    at Layer.handleRequest (/Users/marwan/Documents/Golderapharm/goldBack/node_modules/router/lib/layer.js:152:17)
    at next (/Users/marwan/Documents/Golderapharm/goldBack/node_modules/router/lib/route.js:157:13)
    at Route.dispatch (/Users/marwan/Documents/Golderapharm/goldBack/node_modules/router/lib/route.js:117:3)
    at handle (/Users/marwan/Documents/Golderapharm/goldBack/node_modules/router/index.js:435:11)
    at Layer.handleRequest (/Users/marwan/Documents/Golderapharm/goldBack/node_modules/router/lib/layer.js:152:17) {
  statusCode: 400,
  status: 'fail'
}
[0mPOST /api/pharmacies [33m400[0m 88.739 ms - 63[0m
[0mPOST /api/sales [32m201[0m 505.170 ms - 77[0m
[0mGET /api/pharmacies?keyword=QA [32m200[0m 266.780 ms - -[0m
[0mPOST /api/doctors [32m201[0m 178.012 ms - 516[0m
[0mGET /api/sales?date=2026-10-04 [32m200[0m 413.799 ms - -[0m
[0mPATCH /api/doctors/6ff5a777-e487-4005-9f3d-4448f304012f [32m200[0m 365.480 ms - 521[0m
[0mPOST /api/doctors [33m400[0m 78.521 ms - 72[0m
[0mGET /api/sales/reps [32m200[0m 686.286 ms - -[0m
[0mGET /api/doctors?keyword=QA [32m200[0m 230.903 ms - -[0m
[0mDELETE /api/products/d75408c9-2191-4e7c-8017-e103ffe9eed9 [33m409[0m 258.608 ms - 110[0m
[0mDELETE /api/pharmacies/57d9fc44-8c06-4b4c-b749-d9e1c2c7284f [33m409[0m 278.051 ms - 107[0m
application/pdf
application/pdf
[0mPOST /api/managers/users [32m201[0m 1207.579 ms - 796[0m
[0mPUT /api/managers/users/9ace7b0a-fe56-4f85-878a-cff6155dcf0f [32m200[0m 415.509 ms - 805[0m
[0mPATCH /api/profiles [33m400[0m 83.858 ms - 94[0m
[0mPATCH /api/profiles [32m200[0m 152.864 ms - 807[0m
[0mPOST /api/visits [32m201[0m 306.982 ms - 425[0m
[0mPATCH /api/visits/cdcd3778-e127-4c67-8627-ac0a014b8040 [32m200[0m 303.217 ms - 425[0m
[0mPOST /api/requests [32m201[0m 2498.691 ms - -[0m
application/pdf
[0mPATCH /api/visits/cdcd3778-e127-4c67-8627-ac0a014b8040 [33m403[0m 230.490 ms - 96[0m
[0mPATCH /api/visits/cdcd3778-e127-4c67-8627-ac0a014b8040 [33m403[0m 232.339 ms - 96[0m
[0mGET /api/visits/all?createdById=fd31725c-30cf-403e-8dbf-8ed04011f804 [32m200[0m 390.560 ms - 164[0m
[0mPOST /api/requests [32m201[0m 1030.870 ms - 994[0m
application/pdf
[0mPOST /api/visits/visit-reports [32m200[0m 537.857 ms - 461[0m
[0mPOST /api/visits/visit-reports [33m400[0m 232.937 ms - 97[0m
[0mPOST /api/requests [32m201[0m 980.892 ms - 941[0m
[0mPOST /api/plans [32m201[0m 692.686 ms - 679[0m
[0mPATCH /api/plans/ff0debca-a837-4874-b8b1-92cacce7b56f [33m403[0m 82.641 ms - 93[0m
[0mPATCH /api/requests/7c277ac5-c813-41ef-a573-7d7d84399867 [32m200[0m 758.009 ms - 986[0m
[0mPATCH /api/plans/ff0debca-a837-4874-b8b1-92cacce7b56f [32m200[0m 674.419 ms - 680[0m
[0mPATCH /api/plans/ff0debca-a837-4874-b8b1-92cacce7b56f [33m409[0m 749.204 ms - 82[0m
[0mPOST /api/forecasts [33m400[0m 76.675 ms - 87[0m
[0mPOST /api/forecasts [32m201[0m 205.706 ms - 515[0m
[0mGET /api/forecasts/8db29358-9f4e-4085-94ae-9308b31e2c78 [33m404[0m 157.776 ms - 65[0m
[0mPATCH /api/forecasts/8db29358-9f4e-4085-94ae-9308b31e2c78 [32m200[0m 307.117 ms - 517[0m
[0mPOST /api/requests [32m201[0m 841.712 ms - 749[0m
[0mGET /api/notifications [32m200[0m 632.743 ms - -[0m
[0mPATCH /api/requests/e117fdf2-55b5-4ab4-88ff-0b1f442e743f [32m200[0m 535.053 ms - 803[0m
[0mPATCH /api/requests/e117fdf2-55b5-4ab4-88ff-0b1f442e743f [33m400[0m 231.379 ms - 80[0m
ApiError: Sample quantity must be an integer of at least 1
    at number (file:///Users/marwan/Documents/Golderapharm/goldBack/utils/validation.js:18:11)
    at createRequest (file:///Users/marwan/Documents/Golderapharm/goldBack/controllers/request.controller.js:170:9)
    at Layer.handleRequest (/Users/marwan/Documents/Golderapharm/goldBack/node_modules/router/lib/layer.js:152:17)
    at next (/Users/marwan/Documents/Golderapharm/goldBack/node_modules/router/lib/route.js:157:13)
    at multerMiddleware (/Users/marwan/Documents/Golderapharm/goldBack/node_modules/multer/lib/make-middleware.js:19:41)
    at Layer.handleRequest (/Users/marwan/Documents/Golderapharm/goldBack/node_modules/router/lib/layer.js:152:17)
    at next (/Users/marwan/Documents/Golderapharm/goldBack/node_modules/router/lib/route.js:157:13)
    at Route.dispatch (/Users/marwan/Documents/Golderapharm/goldBack/node_modules/router/lib/route.js:117:3)
    at handle (/Users/marwan/Documents/Golderapharm/goldBack/node_modules/router/index.js:435:11)
    at Layer.handleRequest (/Users/marwan/Documents/Golderapharm/goldBack/node_modules/router/lib/layer.js:152:17) {
  statusCode: 400,
  status: 'fail'
}
[0mPOST /api/requests [33m400[0m 76.468 ms - 95[0m
[0mPATCH /api/requests/5c09bcd7-c3ba-4465-a709-34a9788a9739 [32m200[0m 623.815 ms - 713[0m
ApiError: This request has already been reviewed
    at file:///Users/marwan/Documents/Golderapharm/goldBack/controllers/request.controller.js:355:15
    at process.processTicksAndRejections (node:internal/process/task_queues:104:5)
    at async Proxy._transactionWithCallback (/Users/marwan/Documents/Golderapharm/goldBack/node_modules/@prisma/client/runtime/client.js:75:4390)
    at async updateRequest (file:///Users/marwan/Documents/Golderapharm/goldBack/controllers/request.controller.js:349:30) {
  statusCode: 409,
  status: 'fail'
}
[0mPATCH /api/requests/5c09bcd7-c3ba-4465-a709-34a9788a9739 [33m409[0m 695.698 ms - 85[0m
[0mPOST /api/coaching-reports [32m201[0m 239.584 ms - 606[0m
[0mPATCH /api/coaching-reports/db65a79d-909c-4cd5-a800-d1bb5db50b28 [32m200[0m 232.559 ms - 605[0m
[0mPOST /api/coaching-reports [33m403[0m 157.841 ms - 85[0m
[0mPOST /api/appraisals [32m201[0m 236.499 ms - 947[0m
[0mPATCH /api/appraisals/00adeb6f-24ec-4b81-bad9-1d77fdb06578 [32m200[0m 619.422 ms - -[0m
[0mPATCH /api/appraisals/00adeb6f-24ec-4b81-bad9-1d77fdb06578 [33m403[0m 290.613 ms - 91[0m
[0mPOST /api/appraisals [33m403[0m 154.959 ms - 80[0m
[0mGET /api/profiles [33m403[0m 80.058 ms - 69[0m
[0mPOST /api/auth/login [33m403[0m 156.756 ms - 69[0m
[0mDELETE /api/products/f2efe14f-ac0d-4293-a4fb-472a3a980908 [32m200[0m 512.089 ms - 61[0m
[0mDELETE /api/products/f2efe14f-ac0d-4293-a4fb-472a3a980908 [33m404[0m 222.633 ms - 64[0m
[0mDELETE /api/pharmacies/fbc3ab28-3229-4dc6-bc71-cc33a0d495c1 [32m200[0m 370.006 ms - 62[0m
[0mDELETE /api/pharmacies/fbc3ab28-3229-4dc6-bc71-cc33a0d495c1 [33m404[0m 273.031 ms - 65[0m
[0mDELETE /api/doctors/6ff5a777-e487-4005-9f3d-4448f304012f [32m200[0m 488.862 ms - 60[0m
[0mDELETE /api/doctors/6ff5a777-e487-4005-9f3d-4448f304012f [33m404[0m 169.277 ms - 63[0m
[0mDELETE /api/managers/users/9ace7b0a-fe56-4f85-878a-cff6155dcf0f [32m200[0m 236.780 ms - 58[0m
[0mDELETE /api/managers/users/9ace7b0a-fe56-4f85-878a-cff6155dcf0f [33m404[0m 155.419 ms - 61[0m
[0mGET /api/notifications [32m200[0m 1224.906 ms - -[0m
[0mPOST /api/auth/login [32m200[0m 221.746 ms - 928[0m
[0mGET /api/profiles [32m200[0m 158.644 ms - 700[0m
[0mGET /api/appraisals?page=1&limit=10 [32m200[0m 509.998 ms - -[0m
[0mGET /api/appraisals?page=1&limit=15 [32m200[0m 639.623 ms - -[0m
[0mGET /api/profiles [32m200[0m 190.024 ms - 700[0m
[0mGET /api/coaching-reports/all?page=1&limit=10 [32m200[0m 590.130 ms - -[0m
[0mGET /api/profiles [32m200[0m 278.484 ms - 700[0m
[0mGET /api/doctors/177f4b27-59dc-4060-8492-ce856ceff420 [32m200[0m 359.677 ms - 974[0m
[0mGET /api/profiles [32m200[0m 175.767 ms - 700[0m
[0mGET /api/profiles [32m200[0m 175.052 ms - 700[0m
[0mGET /api/doctors?paginate=false [32m200[0m 178.372 ms - -[0m
[0mGET /api/profiles [32m200[0m 177.279 ms - 700[0m
[0mGET /api/forecasts/all?page=1&limit=10 [32m200[0m 331.497 ms - -[0m
[0mGET /api/profiles [32m200[0m 156.030 ms - 700[0m
[0mGET /api/managers/users?page=1&limit=1000 [32m200[0m 773.755 ms - -[0m
[0mGET /api/profiles [32m200[0m 273.586 ms - 700[0m
[0mGET /api/sales?page=1&limit=200 [32m200[0m 297.104 ms - -[0m
[0mGET /api/visits/all?page=1&limit=200&paginate=true [32m200[0m 395.195 ms - -[0m
[0mGET /api/managers/team?page=1&limit=200&role=SUPERVISOR [32m200[0m 476.730 ms - -[0m
[0mGET /api/doctors?page=1&limit=200 [32m200[0m 691.848 ms - -[0m
[0mGET /api/pharmacies?page=1&limit=200 [32m200[0m 704.658 ms - -[0m
[0mGET /api/managers/team?page=1&limit=200&role=MEDICAL_REP [32m200[0m 791.484 ms - -[0m
[0mGET /api/coaching-reports/all?page=1&limit=200 [32m200[0m 798.213 ms - -[0m
[0mGET /api/appraisals?page=1&limit=200 [32m200[0m 884.054 ms - -[0m
[0mGET /api/managers/team/requests?page=1&limit=200 [32m200[0m 946.422 ms - -[0m
[0mGET /api/profiles [32m200[0m 157.320 ms - 700[0m
[0mGET /api/pharmacies?page=1&limit=10 [32m200[0m 227.299 ms - -[0m
[0mGET /api/profiles [32m200[0m 154.890 ms - 700[0m
[0mGET /api/plans/all?page=1&limit=10 [32m200[0m 327.643 ms - -[0m
[0mGET /api/products?paginate=false [32m200[0m 161.803 ms - 477[0m
[0mGET /api/profiles [32m200[0m 163.923 ms - 700[0m
[0mGET /api/profiles [32m200[0m 157.204 ms - 700[0m
[0mGET /api/profiles [32m200[0m 155.325 ms - 700[0m
[0mGET /api/visits/all-visit-reports?page=1&limit=10 [32m200[0m 402.861 ms - -[0m
[0mGET /api/profiles [32m200[0m 156.602 ms - 700[0m
[0mGET /api/managers/team/requests?page=1&limit=1000 [32m200[0m 492.938 ms - -[0m
[0mGET /api/profiles [32m200[0m 153.169 ms - 700[0m
[0mGET /api/sales?page=1&limit=10 [32m200[0m 304.191 ms - -[0m
[0mGET /api/managers/team?page=1&limit=10&role=MEDICAL_REP [32m200[0m 360.591 ms - -[0m
[0mGET /api/sales?page=1&limit=43 [32m200[0m 296.338 ms - -[0m
[0mGET /api/profiles [32m200[0m 145.418 ms - 700[0m
[0mGET /api/regions [32m200[0m 292.943 ms - 694[0m
[0mGET /api/sub-regions [32m200[0m 306.640 ms - 517[0m
[0mGET /api/accounts [32m200[0m 307.978 ms - 603[0m
[0mGET /api/profiles [32m200[0m 156.803 ms - 700[0m
[0mGET /api/managers/users?id=2f6aa7dc-0948-4fbe-866c-f8c0ac0af9ce [32m200[0m 300.896 ms - -[0m
[0mGET /api/profiles [32m200[0m 146.023 ms - 700[0m
[0mGET /api/managers/team?page=1&limit=1000&role=MEDICAL_REP [32m200[0m 398.174 ms - -[0m
[0mGET /api/managers/team?page=1&limit=1000&role=SUPERVISOR [32m200[0m 402.288 ms - -[0m
[0mGET /api/regions [32m200[0m 391.707 ms - 694[0m
[0mGET /api/profiles [32m200[0m 237.687 ms - 700[0m
[0mGET /api/doctors?paginate=false [32m200[0m 250.378 ms - -[0m
[0mGET /api/managers/team?page=1&limit=10&role=SUPERVISOR [32m200[0m 482.002 ms - -[0m
[0mGET /api/managers/team?page=1&limit=10&role=MEDICAL_REP [32m200[0m 483.969 ms - -[0m
[0mGET /api/profiles [32m200[0m 163.395 ms - 700[0m
[0mGET /api/visits/all?paginate=false [32m200[0m 242.296 ms - -[0m
[0mGET /api/managers/team?page=1&limit=1000&role=MEDICAL_REP [32m200[0m 395.646 ms - -[0m
[0mPOST /api/auth/login [32m200[0m 275.282 ms - 975[0m
[0mGET /api/profiles [32m200[0m 157.960 ms - 743[0m
[0mGET /api/coaching-reports?page=1&limit=10 [32m200[0m 317.520 ms - 164[0m
[0mGET /api/profiles [32m200[0m 165.162 ms - 743[0m
[0mGET /api/doctors/177f4b27-59dc-4060-8492-ce856ceff420 [32m200[0m 236.715 ms - 974[0m
[0mGET /api/profiles [32m200[0m 170.676 ms - 743[0m
[0mGET /api/doctors?page=1&limit=10 [32m200[0m 251.129 ms - -[0m
[0mGET /api/profiles [32m200[0m 161.905 ms - 743[0m
[0mGET /api/forecasts/all?page=1&limit=10 [32m200[0m 311.841 ms - -[0m
[0mGET /api/profiles [32m200[0m 251.354 ms - 743[0m
[0mGET /api/dashboard/supervisors [32m200[0m 550.483 ms - -[0m
[0mGET /api/profiles [32m200[0m 158.340 ms - 743[0m
[0mGET /api/pharmacies?page=1&limit=10 [32m200[0m 232.683 ms - -[0m
[0mGET /api/profiles [32m200[0m 152.631 ms - 743[0m
[0mGET /api/plans?page=1&limit=10 [32m200[0m 308.787 ms - 164[0m
[0mGET /api/profiles [32m200[0m 157.055 ms - 743[0m
[0mGET /api/products?page=1&limit=10 [32m200[0m 230.983 ms - 539[0m
[0mGET /api/profiles [32m200[0m 154.134 ms - 743[0m
[0mGET /api/profiles [32m200[0m 152.477 ms - 743[0m
[0mGET /api/visits/all-visit-reports?page=1&limit=10 [32m200[0m 388.199 ms - -[0m
[0mGET /api/profiles [32m200[0m 152.114 ms - 743[0m
[0mGET /api/requests?page=1&limit=10 [32m200[0m 305.722 ms - 164[0m
[0mGET /api/supervisors/team/requests?page=1&limit=10 [32m200[0m 391.344 ms - -[0m
[0mGET /api/profiles [32m200[0m 159.169 ms - 743[0m
[0mGET /api/products [32m200[0m 235.090 ms - 539[0m
[0mGET /api/doctors [32m200[0m 240.626 ms - -[0m
[0mGET /api/requests [32m200[0m 305.741 ms - 164[0m
[0mGET /api/profiles [32m200[0m 164.760 ms - 743[0m
[0mGET /api/supervisors/team?page=1&limit=10 [32m200[0m 404.045 ms - -[0m
[0mGET /api/sales?page=1&limit=10 [32m200[0m 534.528 ms - -[0m
[0mGET /api/sales?page=1&limit=43 [32m200[0m 544.164 ms - -[0m
[0mGET /api/profiles [32m200[0m 152.505 ms - 743[0m
[0mGET /api/profiles [32m200[0m 177.123 ms - 743[0m
[0mGET /api/supervisors/team/2f6aa7dc-0948-4fbe-866c-f8c0ac0af9ce [32m200[0m 177.621 ms - 807[0m
[0mGET /api/profiles [32m200[0m 160.088 ms - 743[0m
[0mGET /api/supervisors/team?page=1&limit=10 [32m200[0m 375.419 ms - -[0m
[0mGET /api/profiles [32m200[0m 152.935 ms - 743[0m
[0mGET /api/doctors?paginate=false [32m200[0m 156.950 ms - -[0m
[0mGET /api/supervisors/team?page=1&limit=10 [32m200[0m 387.495 ms - -[0m
[0mGET /api/profiles [32m200[0m 164.810 ms - 743[0m
[0mGET /api/visits/all?paginate=false [32m200[0m 263.957 ms - -[0m
[0mPOST /api/auth/login [32m200[0m 237.702 ms - -[0m
[0mGET /api/profiles [32m200[0m 163.108 ms - 807[0m
[0mGET /api/appraisals/rep?page=1&limit=10 [32m200[0m 261.604 ms - -[0m
[0mGET /api/profiles [32m200[0m 160.097 ms - 807[0m
[0mGET /api/coaching-reports/rep?page=1&limit=10 [32m200[0m 318.815 ms - -[0m
[0mGET /api/profiles [32m200[0m 160.124 ms - 807[0m
[0mGET /api/doctors/177f4b27-59dc-4060-8492-ce856ceff420 [32m200[0m 235.307 ms - 974[0m
[0mGET /api/doctors?paginate=false [32m200[0m 155.490 ms - -[0m
[0mGET /api/profiles [32m200[0m 160.307 ms - 807[0m
[0mGET /api/regions [32m200[0m 318.148 ms - 694[0m
[0mGET /api/profiles [32m200[0m 157.250 ms - 807[0m
[0mGET /api/forecasts [32m200[0m 317.308 ms - -[0m
[0mGET /api/profiles [32m200[0m 159.052 ms - 807[0m
[0mGET /api/forecasts?page=1&limit=10 [32m200[0m 311.908 ms - -[0m
[0mGET /api/profiles [32m200[0m 157.290 ms - 807[0m
[0mGET /api/dashboard/reps?date=2026-10-04 [32m200[0m 486.145 ms - -[0m
[0mGET /api/profiles [32m200[0m 155.648 ms - 807[0m
[0mGET /api/pharmacies?page=1&limit=10 [32m200[0m 230.970 ms - -[0m
[0mGET /api/notifications [32m200[0m 219.980 ms - -[0m
[0mGET /api/regions [32m200[0m 305.134 ms - 694[0m
[0mGET /api/profiles [32m200[0m 145.558 ms - 807[0m
[0mGET /api/plans?page=1&limit=10 [32m200[0m 302.712 ms - -[0m
[0mGET /api/regions [32m200[0m 292.882 ms - 694[0m
[0mGET /api/profiles [32m200[0m 143.583 ms - 807[0m
[0mGET /api/products?paginate=false [32m200[0m 148.105 ms - 477[0m
[0mGET /api/profiles [32m200[0m 152.981 ms - 807[0m
[0mGET /api/profiles [32m200[0m 154.825 ms - 807[0m
[0mGET /api/visits/visit-reports?page=1&limit=10 [32m200[0m 360.165 ms - -[0m
[0mGET /api/profiles [32m200[0m 153.991 ms - 807[0m
[0mGET /api/doctors [32m200[0m 235.386 ms - -[0m
[0mGET /api/products [32m200[0m 234.909 ms - 539[0m
[0mGET /api/profiles [32m200[0m 157.647 ms - 807[0m
[0mGET /api/requests?page=1&limit=1000 [32m200[0m 465.105 ms - -[0m
[0mGET /api/profiles [32m200[0m 220.371 ms - 807[0m
[0mGET /api/sales/reps?page=1&limit=10 [32m200[0m 594.234 ms - -[0m
[0mGET /api/sales/reps?page=1&limit=43 [32m200[0m 538.563 ms - -[0m
[0mGET /api/profiles [32m200[0m 153.288 ms - 807[0m
[0mGET /api/profiles [32m200[0m 156.924 ms - 807[0m
[0mGET /api/profiles [32m200[0m 152.512 ms - 807[0m
[0mGET /api/doctors?paginate=false [32m200[0m 157.901 ms - -[0m
[0mGET /api/regions [32m200[0m 304.102 ms - 694[0m
[0mGET /api/profiles [32m200[0m 156.350 ms - 807[0m
[0mGET /api/visits?paginate=false [32m200[0m 244.575 ms - -[0m
[0mGET /api/profiles [32m200[0m 153.048 ms - 807[0m
[0mGET /api/products [32m200[0m 232.191 ms - 539[0m
[0mGET /api/notifications [32m200[0m 3930.243 ms - -[0m
[0mGET /api/notifications [32m200[0m 2464.740 ms - -[0m
[0mGET /api/notifications [32m200[0m 7582.844 ms - -[0m
[0mGET /api/notifications [32m200[0m 1452.156 ms - -[0m
[0mGET /api/notifications [32m200[0m 1108.648 ms - -[0m
[0mGET /api/notifications [32m200[0m 267.694 ms - -[0m
[0mGET /api/notifications [32m200[0m 1175.447 ms - -[0m
[0mGET /api/notifications [32m200[0m 1149.212 ms - -[0m
[0mGET /api/notifications [32m200[0m 1477.977 ms - -[0m
[0mGET /api/notifications [32m200[0m 1223.860 ms - -[0m
[0mGET /api/notifications [32m200[0m 1217.676 ms - -[0m
[0mGET /api/notifications [32m200[0m 1190.386 ms - -[0m
[0mGET /api/notifications [32m200[0m 1200.907 ms - -[0m
[0mGET /api/notifications [32m200[0m 1374.092 ms - -[0m
[0mGET /api/notifications [32m200[0m 1771.257 ms - -[0m
[0mGET /api/notifications [32m200[0m 1278.420 ms - -[0m
[0mGET /api/notifications [32m200[0m 1239.595 ms - -[0m
[0mGET /api/notifications [32m200[0m 1303.391 ms - -[0m
[0mGET /api/notifications [32m200[0m 1362.765 ms - -[0m
[0mGET /api/notifications [32m200[0m 1230.552 ms - -[0m
