
> golderapharm@0.1.0 dev
> next dev --webpack --port 3002

▲ Next.js 16.1.0 (webpack)
- Local:         http://localhost:3002
- Network:       http://192.168.1.169:3002
- Environments: .env
- Experiments (use with caution):
  · serverActions

✓ Starting...

  We detected TypeScript in your project and reconfigured your tsconfig.json file for you.
  The following suggested values were added to your tsconfig.json. These values can be changed to fit your project's needs:

  	- include was updated to add '.next-qa/types/**/*.ts'
  	- include was updated to add '.next-qa/dev/types/**/*.ts'

✓ Ready in 1086ms
/*! 🌼 daisyUI 5.7.19 */
 GET / 200 in 2.5s (compile: 2.3s, proxy.ts: 52ms, render: 224ms)
 POST / 200 in 1073ms (compile: 1983µs, proxy.ts: 5ms, render: 1066ms)
 GET / 200 in 25ms (compile: 4ms, proxy.ts: 9ms, render: 12ms)
/api/doctors?page=1&limit=200
/api/doctors?page=1&limit=200
 POST /manager 200 in 9ms (compile: 1978µs, proxy.ts: 2ms, render: 4ms)
 POST /manager 200 in 6ms (compile: 1386µs, proxy.ts: 1439µs, render: 3ms)
 GET /manager 200 in 1406ms (compile: 2ms, proxy.ts: 4ms, render: 1400ms)
 GET /manager 200 in 3.8s (compile: 2.3s, proxy.ts: 3ms, render: 1504ms)
 POST /manager 200 in 7ms (compile: 1768µs, proxy.ts: 2ms, render: 4ms)
 POST /manager 200 in 18ms (compile: 4ms, proxy.ts: 6ms, render: 8ms)
 GET /manager/products 200 in 1708ms (compile: 778ms, proxy.ts: 4ms, render: 926ms)
 POST /manager/products 200 in 15ms (compile: 5ms, proxy.ts: 4ms, render: 7ms)
 POST /manager/products 200 in 13ms (compile: 5ms, proxy.ts: 3ms, render: 5ms)
 POST /manager/products 200 in 20ms (compile: 4ms, proxy.ts: 4ms, render: 12ms)
 POST /manager/products 200 in 16ms (compile: 3ms, proxy.ts: 4ms, render: 9ms)
 POST /manager/products 200 in 17ms (compile: 4ms, proxy.ts: 4ms, render: 9ms)
 POST /manager/products 200 in 17ms (compile: 4ms, proxy.ts: 4ms, render: 9ms)
 POST /manager/products 200 in 14ms (compile: 3ms, proxy.ts: 4ms, render: 7ms)
 POST /manager/products 200 in 8ms (compile: 1622µs, proxy.ts: 1577µs, render: 4ms)
 POST /manager/products 200 in 14ms (compile: 3ms, proxy.ts: 4ms, render: 7ms)
 POST /manager/products 200 in 19ms (compile: 4ms, proxy.ts: 5ms, render: 10ms)
 POST /manager/products 200 in 16ms (compile: 3ms, proxy.ts: 6ms, render: 7ms)
 POST /manager/products 200 in 16ms (compile: 2ms, proxy.ts: 6ms, render: 8ms)
 POST /manager/products 200 in 15ms (compile: 3ms, proxy.ts: 4ms, render: 7ms)
 POST /manager/products 200 in 15ms (compile: 2ms, proxy.ts: 4ms, render: 8ms)
 POST /manager/products 200 in 14ms (compile: 3ms, proxy.ts: 4ms, render: 8ms)
 POST /manager/products 200 in 17ms (compile: 5ms, proxy.ts: 5ms, render: 8ms)
 POST /manager/products 200 in 17ms (compile: 4ms, proxy.ts: 4ms, render: 9ms)
 POST /manager/products 200 in 21ms (compile: 5ms, proxy.ts: 4ms, render: 12ms)
 POST /manager/products 200 in 15ms (compile: 3ms, proxy.ts: 4ms, render: 9ms)
 POST /manager/products 200 in 15ms (compile: 3ms, proxy.ts: 4ms, render: 8ms)
 POST /manager/products 200 in 16ms (compile: 2ms, proxy.ts: 5ms, render: 8ms)
 POST /manager/products 200 in 18ms (compile: 4ms, proxy.ts: 4ms, render: 9ms)
 POST /manager/products 200 in 15ms (compile: 2ms, proxy.ts: 4ms, render: 9ms)
 POST /manager/products 200 in 17ms (compile: 3ms, proxy.ts: 5ms, render: 10ms)
 POST /manager/products 200 in 16ms (compile: 4ms, proxy.ts: 4ms, render: 7ms)
 POST /manager/products 200 in 16ms (compile: 2ms, proxy.ts: 6ms, render: 8ms)
 POST /manager/products 200 in 15ms (compile: 4ms, proxy.ts: 4ms, render: 6ms)
 POST /manager/products 200 in 18ms (compile: 1842µs, proxy.ts: 6ms, render: 10ms)
 POST /manager/products 200 in 14ms (compile: 3ms, proxy.ts: 4ms, render: 7ms)
 POST /manager/products 200 in 15ms (compile: 3ms, proxy.ts: 4ms, render: 8ms)
 POST /manager/products 200 in 16ms (compile: 3ms, proxy.ts: 4ms, render: 10ms)
 POST /manager/products 200 in 18ms (compile: 3ms, proxy.ts: 5ms, render: 11ms)
 POST /manager/products 200 in 17ms (compile: 3ms, proxy.ts: 7ms, render: 8ms)
 POST /manager/products 200 in 15ms (compile: 3ms, proxy.ts: 4ms, render: 9ms)
 POST /manager/products 200 in 18ms (compile: 3ms, proxy.ts: 4ms, render: 11ms)
 GET /manager/products 200 in 110ms (compile: 59ms, proxy.ts: 5ms, render: 46ms)
⚠ Fast Refresh had to perform a full reload due to a runtime error.
Products fetch error: { statusCode: 404, code: 'fail', message: 'User not found' }
⨯ Error: User not found
    at Page (app/(dashboard)/manager/products/page.tsx:22:11)
  20 |
  21 |   if (!result.success) {
> 22 |     throw new Error(result.error?.message || "Failed to fetch products");
     |           ^
  23 |   }
  24 |
  25 |   const raw = result.data as unknown; {
  digest: '235110449'
}
 GET /manager/products 200 in 630ms (compile: 1759µs, proxy.ts: 3ms, render: 625ms)
 GET / 200 in 143ms (compile: 8ms, proxy.ts: 3ms, render: 132ms)
 GET / 200 in 77ms (compile: 47ms, proxy.ts: 3ms, render: 27ms)
 GET /manager 200 in 1432ms (compile: 1830µs, proxy.ts: 5ms, render: 1425ms)
 GET / 200 in 100ms (compile: 2ms, proxy.ts: 5ms, render: 93ms)
 GET /manager 200 in 1731ms (compile: 13ms, proxy.ts: 6ms, render: 1712ms)
 GET / 200 in 556ms (compile: 1050µs, proxy.ts: 3ms, render: 553ms)
 GET / 200 in 200ms (compile: 111ms, proxy.ts: 14ms, render: 75ms)
 GET /manager 200 in 739ms (compile: 68ms, proxy.ts: 13ms, render: 658ms)
 GET /manager 200 in 565ms (compile: 4ms, proxy.ts: 19ms, render: 541ms)
 GET / 200 in 100ms (compile: 1891µs, proxy.ts: 4ms, render: 94ms)
 GET / 200 in 97ms (compile: 1298µs, proxy.ts: 1994µs, render: 94ms)
 GET / 200 in 97ms (compile: 58ms, proxy.ts: 7ms, render: 32ms)
 GET /manager 200 in 542ms (compile: 1580µs, proxy.ts: 3ms, render: 537ms)
 GET /manager 200 in 600ms (compile: 17ms, proxy.ts: 1909µs, render: 581ms)
 GET / 200 in 89ms (compile: 3ms, proxy.ts: 1565µs, render: 85ms)
 GET / 200 in 84ms (compile: 767µs, proxy.ts: 1535µs, render: 82ms)
 GET / 200 in 80ms (compile: 49ms, proxy.ts: 3ms, render: 28ms)
 GET /manager 200 in 576ms (compile: 13ms, proxy.ts: 2ms, render: 561ms)
 GET /manager 200 in 563ms (compile: 1522µs, proxy.ts: 4ms, render: 557ms)
 GET / 200 in 92ms (compile: 962µs, proxy.ts: 1622µs, render: 89ms)
 GET / 200 in 88ms (compile: 869µs, proxy.ts: 1762µs, render: 85ms)
 GET / 200 in 77ms (compile: 49ms, proxy.ts: 1854µs, render: 26ms)
 GET /manager 200 in 1209ms (compile: 1175µs, proxy.ts: 5ms, render: 1203ms)
 GET /manager 200 in 1245ms (compile: 11ms, proxy.ts: 1637µs, render: 1233ms)
 GET / 200 in 94ms (compile: 1142µs, proxy.ts: 2ms, render: 91ms)
 GET / 200 in 91ms (compile: 943µs, proxy.ts: 1717µs, render: 88ms)
 GET / 200 in 658ms (compile: 1381µs, proxy.ts: 3ms, render: 653ms)
 GET / 200 in 97ms (compile: 54ms, proxy.ts: 9ms, render: 34ms)
 GET /manager 200 in 613ms (compile: 10ms, proxy.ts: 4ms, render: 599ms)
 GET /manager 200 in 590ms (compile: 2ms, proxy.ts: 8ms, render: 579ms)
 GET / 200 in 102ms (compile: 1247µs, proxy.ts: 3ms, render: 98ms)
 GET / 200 in 96ms (compile: 924µs, proxy.ts: 2ms, render: 93ms)
 POST / 200 in 417ms (compile: 737µs, proxy.ts: 1775µs, render: 414ms)
/api/doctors?page=1&limit=200
/api/doctors?page=1&limit=200
 POST /manager 200 in 360ms (compile: 1383µs, proxy.ts: 4ms, render: 354ms)
 POST /manager 200 in 8ms (compile: 1185µs, proxy.ts: 1878µs, render: 5ms)
 GET /manager 200 in 1290ms (compile: 1457µs, proxy.ts: 2ms, render: 1286ms)
 GET /manager 200 in 1295ms (compile: 2ms, proxy.ts: 3ms, render: 1290ms)
 POST /manager 200 in 274ms (compile: 1131µs, proxy.ts: 2ms, render: 271ms)
 POST /manager 200 in 7ms (compile: 1371µs, proxy.ts: 2ms, render: 3ms)
 POST /manager 200 in 13ms (compile: 2ms, proxy.ts: 3ms, render: 7ms)
 GET /manager/products 200 in 838ms (compile: 12ms, proxy.ts: 1598µs, render: 824ms)
 POST /manager/products 200 in 632ms (compile: 1068µs, proxy.ts: 1565µs, render: 629ms)
 POST /manager/products 200 in 10ms (compile: 1750µs, proxy.ts: 3ms, render: 5ms)
 POST /manager/products 200 in 249ms (compile: 1548µs, proxy.ts: 2ms, render: 245ms)
 POST /manager/products 200 in 14ms (compile: 3ms, proxy.ts: 4ms, render: 7ms)
 POST /manager/products 200 in 11ms (compile: 2ms, proxy.ts: 3ms, render: 5ms)
 POST /manager/products 200 in 19ms (compile: 2ms, proxy.ts: 5ms, render: 12ms)
 POST /manager/products 200 in 1294ms (compile: 1841µs, proxy.ts: 3ms, render: 1290ms)
 GET /manager/products 200 in 651ms (compile: 3ms, proxy.ts: 3ms, render: 646ms)
 POST /manager/products 200 in 479ms (compile: 2ms, proxy.ts: 4ms, render: 473ms)
 POST /manager/products 200 in 12ms (compile: 3ms, proxy.ts: 4ms, render: 5ms)
 POST /manager/products 200 in 16ms (compile: 9ms, proxy.ts: 3ms, render: 4ms)
 POST /manager/products 200 in 20ms (compile: 3ms, proxy.ts: 8ms, render: 10ms)
 POST /manager/products 200 in 1200ms (compile: 3ms, proxy.ts: 5ms, render: 1192ms)
 POST /manager/products 200 in 15ms (compile: 2ms, proxy.ts: 3ms, render: 9ms)
 POST /manager/products 200 in 16ms (compile: 2ms, proxy.ts: 6ms, render: 7ms)
 POST /manager/products 200 in 15ms (compile: 2ms, proxy.ts: 4ms, render: 9ms)
 POST /manager/products 200 in 1177ms (compile: 2ms, proxy.ts: 4ms, render: 1171ms)
 POST /manager/products 200 in 18ms (compile: 2ms, proxy.ts: 6ms, render: 10ms)
 POST /manager/products 200 in 14ms (compile: 3ms, proxy.ts: 5ms, render: 7ms)
 POST /manager/products 200 in 1408ms (compile: 3ms, proxy.ts: 4ms, render: 1401ms)
 GET /manager/products 200 in 657ms (compile: 1792µs, proxy.ts: 2ms, render: 653ms)
 POST /manager/products 200 in 13ms (compile: 3ms, proxy.ts: 3ms, render: 7ms)
 POST /manager/products 200 in 1211ms (compile: 5ms, proxy.ts: 5ms, render: 1201ms)
 POST /manager/products 200 in 13ms (compile: 2ms, proxy.ts: 4ms, render: 6ms)
 POST /manager/products 200 in 15ms (compile: 2ms, proxy.ts: 4ms, render: 8ms)
 POST /manager/products 200 in 8ms (compile: 1598µs, proxy.ts: 2ms, render: 4ms)
 POST /manager/products 200 in 1371ms (compile: 11ms, proxy.ts: 4ms, render: 1356ms)
 GET /manager/products 200 in 645ms (compile: 2ms, proxy.ts: 1475µs, render: 641ms)
 POST /manager/products 200 in 262ms (compile: 2ms, proxy.ts: 4ms, render: 255ms)
 POST /manager/products 200 in 14ms (compile: 2ms, proxy.ts: 3ms, render: 8ms)
 POST /manager/products 200 in 12ms (compile: 2ms, proxy.ts: 3ms, render: 7ms)
 GET /manager/products 200 in 119ms (compile: 69ms, proxy.ts: 5ms, render: 45ms)
 POST /manager/products 200 in 16ms (compile: 3ms, proxy.ts: 4ms, render: 9ms)
 POST /manager/products 200 in 1176ms (compile: 3ms, proxy.ts: 7ms, render: 1166ms)
 POST /manager/products 200 in 13ms (compile: 3ms, proxy.ts: 4ms, render: 6ms)
 POST /manager/products 200 in 15ms (compile: 3ms, proxy.ts: 3ms, render: 9ms)
 POST /manager/products 200 in 16ms (compile: 3ms, proxy.ts: 4ms, render: 9ms)
 POST /manager/products 200 in 1277ms (compile: 3ms, proxy.ts: 5ms, render: 1270ms)
 POST /manager/products 200 in 15ms (compile: 4ms, proxy.ts: 4ms, render: 7ms)
 POST /manager/products 200 in 15ms (compile: 2ms, proxy.ts: 4ms, render: 9ms)
 POST /manager/products 200 in 16ms (compile: 3ms, proxy.ts: 5ms, render: 8ms)
 POST /manager/products 200 in 1125ms (compile: 3ms, proxy.ts: 7ms, render: 1115ms)
 POST /manager/products 200 in 15ms (compile: 4ms, proxy.ts: 5ms, render: 6ms)
 POST /manager/products 200 in 18ms (compile: 3ms, proxy.ts: 7ms, render: 9ms)
 POST /manager/products 200 in 15ms (compile: 3ms, proxy.ts: 5ms, render: 7ms)
 POST /manager/products 200 in 1118ms (compile: 2ms, proxy.ts: 4ms, render: 1112ms)
 POST /manager/products 200 in 17ms (compile: 2ms, proxy.ts: 4ms, render: 11ms)
 POST /manager/products 200 in 14ms (compile: 2ms, proxy.ts: 4ms, render: 7ms)
 GET /manager/products 200 in 138ms (compile: 11ms, proxy.ts: 3ms, render: 124ms)
 GET /manager/products 200 in 25ms (compile: 1263µs, proxy.ts: 3ms, render: 21ms)
 POST /manager/products 200 in 17ms (compile: 3ms, proxy.ts: 6ms, render: 8ms)
 POST /manager/products 200 in 1291ms (compile: 3ms, proxy.ts: 7ms, render: 1281ms)
 POST /manager/products 200 in 14ms (compile: 3ms, proxy.ts: 5ms, render: 6ms)
 POST /manager/products 200 in 18ms (compile: 2ms, proxy.ts: 7ms, render: 9ms)
 POST /manager/products 200 in 13ms (compile: 2ms, proxy.ts: 4ms, render: 7ms)
 POST /manager/products 200 in 1121ms (compile: 3ms, proxy.ts: 4ms, render: 1113ms)
 POST /manager/products 200 in 15ms (compile: 3ms, proxy.ts: 4ms, render: 9ms)
 POST /manager/products 200 in 14ms (compile: 2ms, proxy.ts: 4ms, render: 8ms)
 GET /manager/products 200 in 44ms (compile: 4ms, proxy.ts: 5ms, render: 35ms)
 POST /manager/products 200 in 14ms (compile: 2ms, proxy.ts: 4ms, render: 7ms)
 POST /manager/products 200 in 1115ms (compile: 2ms, proxy.ts: 5ms, render: 1107ms)
 POST /manager/products 200 in 13ms (compile: 3ms, proxy.ts: 6ms, render: 5ms)
 POST /manager/products 200 in 26ms (compile: 14ms, proxy.ts: 4ms, render: 7ms)
 POST /manager/products 200 in 22ms (compile: 3ms, proxy.ts: 5ms, render: 14ms)
 POST /manager/products 200 in 1188ms (compile: 5ms, proxy.ts: 4ms, render: 1179ms)
 POST /manager/products 200 in 15ms (compile: 2ms, proxy.ts: 4ms, render: 9ms)
 POST /manager/products 200 in 16ms (compile: 2ms, proxy.ts: 7ms, render: 7ms)
 POST /manager/products 200 in 18ms (compile: 3ms, proxy.ts: 4ms, render: 11ms)
 POST /manager/products 200 in 1072ms (compile: 4ms, proxy.ts: 7ms, render: 1062ms)
 POST /manager/products 200 in 15ms (compile: 3ms, proxy.ts: 6ms, render: 7ms)
 POST /manager/products 200 in 18ms (compile: 2ms, proxy.ts: 7ms, render: 9ms)
 POST /manager/products 200 in 14ms (compile: 3ms, proxy.ts: 5ms, render: 7ms)
 POST /manager/products 200 in 1126ms (compile: 3ms, proxy.ts: 4ms, render: 1118ms)
 POST /manager/products 200 in 15ms (compile: 4ms, proxy.ts: 4ms, render: 7ms)
 POST /manager/products 200 in 13ms (compile: 3ms, proxy.ts: 4ms, render: 7ms)
 POST /manager/products 200 in 19ms (compile: 3ms, proxy.ts: 6ms, render: 10ms)
 POST /manager/products 200 in 1116ms (compile: 2ms, proxy.ts: 4ms, render: 1109ms)
 POST /manager/products 200 in 16ms (compile: 2ms, proxy.ts: 4ms, render: 10ms)
 POST /manager/products 200 in 17ms (compile: 3ms, proxy.ts: 4ms, render: 10ms)
 POST /manager/products 200 in 17ms (compile: 3ms, proxy.ts: 5ms, render: 9ms)
 POST /manager/products 200 in 1075ms (compile: 5ms, proxy.ts: 4ms, render: 1066ms)
 POST /manager/products 200 in 17ms (compile: 5ms, proxy.ts: 5ms, render: 7ms)
 POST /manager/products 200 in 15ms (compile: 2ms, proxy.ts: 4ms, render: 9ms)
 POST /manager/products 200 in 18ms (compile: 3ms, proxy.ts: 4ms, render: 11ms)
 POST /manager/products 200 in 1124ms (compile: 3ms, proxy.ts: 5ms, render: 1116ms)
 POST /manager/products 200 in 15ms (compile: 3ms, proxy.ts: 4ms, render: 8ms)
 POST /manager/products 200 in 15ms (compile: 2ms, proxy.ts: 4ms, render: 9ms)
 POST /manager/products 200 in 18ms (compile: 2ms, proxy.ts: 6ms, render: 9ms)
 POST /manager/products 200 in 1100ms (compile: 5ms, proxy.ts: 4ms, render: 1091ms)
 POST /manager/products 200 in 16ms (compile: 3ms, proxy.ts: 4ms, render: 8ms)
 POST /manager/products 200 in 16ms (compile: 2ms, proxy.ts: 5ms, render: 10ms)
 POST /manager/products 200 in 15ms (compile: 3ms, proxy.ts: 4ms, render: 9ms)
 POST /manager/products 200 in 1098ms (compile: 4ms, proxy.ts: 4ms, render: 1090ms)
 POST /manager/products 200 in 24ms (compile: 2ms, proxy.ts: 4ms, render: 18ms)
 POST /manager/products 200 in 13ms (compile: 2ms, proxy.ts: 3ms, render: 7ms)
 POST /manager/products 200 in 14ms (compile: 3ms, proxy.ts: 4ms, render: 8ms)
 POST /manager/products 200 in 1126ms (compile: 3ms, proxy.ts: 9ms, render: 1114ms)
 POST /manager/products 200 in 13ms (compile: 3ms, proxy.ts: 4ms, render: 6ms)
 POST /manager/products 200 in 16ms (compile: 2ms, proxy.ts: 4ms, render: 10ms)
 POST /manager/products 200 in 18ms (compile: 3ms, proxy.ts: 4ms, render: 11ms)
 POST /manager/products 200 in 260ms (compile: 3ms, proxy.ts: 5ms, render: 252ms)
 POST /manager/products 200 in 16ms (compile: 2ms, proxy.ts: 9ms, render: 5ms)
 POST /manager/products 200 in 15ms (compile: 3ms, proxy.ts: 4ms, render: 8ms)
 POST /manager/products 200 in 21ms (compile: 8ms, proxy.ts: 4ms, render: 9ms)
 POST /manager/products 200 in 791ms (compile: 2ms, proxy.ts: 4ms, render: 784ms)
 POST /manager/products 200 in 11ms (compile: 1953µs, proxy.ts: 3ms, render: 7ms)
 POST /manager/products 200 in 16ms (compile: 2ms, proxy.ts: 5ms, render: 9ms)
 POST /manager/products 200 in 14ms (compile: 3ms, proxy.ts: 3ms, render: 8ms)
 POST /manager/products 200 in 1163ms (compile: 2ms, proxy.ts: 4ms, render: 1157ms)
 POST /manager/products 200 in 13ms (compile: 2ms, proxy.ts: 4ms, render: 7ms)
 POST /manager/products 200 in 15ms (compile: 3ms, proxy.ts: 4ms, render: 8ms)
 POST /manager/products 200 in 19ms (compile: 2ms, proxy.ts: 8ms, render: 9ms)
 POST /manager/products 200 in 1164ms (compile: 2ms, proxy.ts: 4ms, render: 1158ms)
 POST /manager/products 200 in 16ms (compile: 2ms, proxy.ts: 3ms, render: 10ms)
 POST /manager/products 200 in 16ms (compile: 2ms, proxy.ts: 5ms, render: 9ms)
 POST /manager/products 200 in 17ms (compile: 5ms, proxy.ts: 4ms, render: 8ms)
 POST /manager/products 200 in 1153ms (compile: 5ms, proxy.ts: 5ms, render: 1143ms)
 POST /manager/products 200 in 16ms (compile: 3ms, proxy.ts: 4ms, render: 9ms)
 POST /manager/products 200 in 13ms (compile: 1984µs, proxy.ts: 4ms, render: 7ms)
 POST /manager/products 200 in 25ms (compile: 2ms, proxy.ts: 7ms, render: 16ms)
 POST /manager/products 200 in 1124ms (compile: 2ms, proxy.ts: 4ms, render: 1117ms)
 POST /manager/products 200 in 17ms (compile: 3ms, proxy.ts: 4ms, render: 10ms)
 POST /manager/products 200 in 20ms (compile: 3ms, proxy.ts: 4ms, render: 13ms)
 POST /manager/products 200 in 16ms (compile: 3ms, proxy.ts: 4ms, render: 9ms)
 POST /manager/products 200 in 1172ms (compile: 4ms, proxy.ts: 4ms, render: 1165ms)
 POST /manager/products 200 in 16ms (compile: 6ms, proxy.ts: 4ms, render: 7ms)
 POST /manager/products 200 in 15ms (compile: 3ms, proxy.ts: 4ms, render: 9ms)
 POST /manager/products 200 in 15ms (compile: 2ms, proxy.ts: 4ms, render: 9ms)
 POST /manager/products 200 in 1113ms (compile: 4ms, proxy.ts: 4ms, render: 1104ms)
 POST /manager/products 200 in 15ms (compile: 2ms, proxy.ts: 3ms, render: 10ms)
 POST /manager/products 200 in 9ms (compile: 1964µs, proxy.ts: 3ms, render: 5ms)
 POST /manager/products 200 in 21ms (compile: 7ms, proxy.ts: 4ms, render: 10ms)
 POST /manager/products 200 in 1134ms (compile: 2ms, proxy.ts: 4ms, render: 1128ms)
 POST /manager/products 200 in 16ms (compile: 6ms, proxy.ts: 3ms, render: 7ms)
 POST /manager/products 200 in 14ms (compile: 2ms, proxy.ts: 4ms, render: 8ms)
⚠ Found a change in next.config.ts. Restarting the server to apply the changes...
▲ Next.js 16.1.0 (webpack)
- Local:         http://localhost:3002
- Network:       http://192.168.1.169:3002
- Environments: .env
- Experiments (use with caution):
  · serverActions

✓ Starting...
✓ Ready in 1052ms
/*! 🌼 daisyUI 5.7.19 */
 GET /manager/products 200 in 2.6s (compile: 1697ms, proxy.ts: 49ms, render: 892ms)
 POST /manager/products 200 in 671ms (compile: 3ms, proxy.ts: 6ms, render: 663ms)
 POST /manager/products 200 in 12ms (compile: 3ms, proxy.ts: 5ms, render: 5ms)
 POST /manager/products 200 in 257ms (compile: 1686µs, proxy.ts: 2ms, render: 252ms)
 POST /manager/products 200 in 14ms (compile: 3ms, proxy.ts: 5ms, render: 6ms)
 POST /manager/products 200 in 9ms (compile: 2ms, proxy.ts: 4ms, render: 2ms)
 POST /manager/products 200 in 13ms (compile: 3ms, proxy.ts: 5ms, render: 5ms)
⚠ Fast Refresh had to perform a full reload. Read more: https://nextjs.org/docs/messages/fast-refresh-reload
 POST /manager/settings 200 in 271ms (compile: 1226µs, proxy.ts: 1983µs, render: 268ms)
 POST /manager/settings 200 in 8ms (compile: 1672µs, proxy.ts: 2ms, render: 4ms)
 GET /manager/settings 200 in 1970ms (compile: 533ms, proxy.ts: 3ms, render: 1434ms)
 POST /manager/settings 200 in 249ms (compile: 1458µs, proxy.ts: 2ms, render: 246ms)
 POST /manager/settings 200 in 5ms (compile: 1392µs, proxy.ts: 1750µs, render: 2ms)
 POST /manager/settings 200 in 13ms (compile: 3ms, proxy.ts: 5ms, render: 5ms)
 GET /manager/settings 200 in 813ms (compile: 3ms, proxy.ts: 3ms, render: 807ms)
 POST /manager/settings 200 in 1894ms (compile: 3ms, proxy.ts: 4ms, render: 1887ms)
 POST /manager/settings 200 in 14ms (compile: 4ms, proxy.ts: 5ms, render: 5ms)
 POST /manager/settings 200 in 1286ms (compile: 6ms, proxy.ts: 4ms, render: 1277ms)
 POST /manager/settings 200 in 5ms (compile: 1163µs, proxy.ts: 1690µs, render: 2ms)
 POST /manager/settings 200 in 12ms (compile: 4ms, proxy.ts: 6ms, render: 3ms)
 POST /manager/settings 200 in 14ms (compile: 4ms, proxy.ts: 3ms, render: 6ms)
 POST /manager/settings 200 in 903ms (compile: 1299µs, proxy.ts: 2ms, render: 900ms)
 GET /manager/settings 200 in 813ms (compile: 2ms, proxy.ts: 1888µs, render: 809ms)
 POST /manager/settings 200 in 247ms (compile: 2ms, proxy.ts: 3ms, render: 241ms)
 POST /manager/settings 200 in 9ms (compile: 1774µs, proxy.ts: 4ms, render: 3ms)
 POST /manager/settings 200 in 15ms (compile: 3ms, proxy.ts: 6ms, render: 6ms)
 POST /manager/settings 200 in 746ms (compile: 76ms, proxy.ts: 11ms, render: 659ms)
 POST /manager/settings 200 in 260ms (compile: 1723µs, proxy.ts: 1650µs, render: 257ms)
 GET /manager/settings 200 in 45ms (compile: 1356µs, proxy.ts: 2ms, render: 41ms)
 POST /manager/settings 200 in 14ms (compile: 2ms, proxy.ts: 4ms, render: 8ms)
 POST /manager/settings 200 in 7ms (compile: 1480µs, proxy.ts: 3ms, render: 3ms)
 POST /manager/settings 200 in 12ms (compile: 4ms, proxy.ts: 3ms, render: 5ms)
 POST /manager/settings 200 in 1122ms (compile: 2ms, proxy.ts: 5ms, render: 1115ms)
 POST /manager/settings 200 in 12ms (compile: 4ms, proxy.ts: 4ms, render: 5ms)
 POST /manager/settings 200 in 8ms (compile: 1676µs, proxy.ts: 2ms, render: 5ms)
 GET /manager/appraisal 200 in 1939ms (compile: 700ms, proxy.ts: 2ms, render: 1236ms)
 GET /manager/coaching 200 in 2.2s (compile: 1203ms, proxy.ts: 1468µs, render: 1042ms)
 GET /manager/doctors/177f4b27-59dc-4060-8492-ce856ceff420 200 in 2.0s (compile: 1481ms, proxy.ts: 1430µs, render: 521ms)
 GET /manager/pharmacies 200 in 1496ms (compile: 968ms, proxy.ts: 2ms, render: 526ms)
 GET /manager/doctors/add 200 in 914ms (compile: 481ms, proxy.ts: 115ms, render: 318ms)
/api/doctors?paginate=false
 GET /manager/doctors 200 in 1024ms (compile: 592ms, proxy.ts: 1247µs, render: 431ms)
 POST /manager/pharmacies 200 in 975ms (compile: 4ms, proxy.ts: 94ms, render: 877ms)
 GET /manager/forecast 200 in 1034ms (compile: 546ms, proxy.ts: 1178µs, render: 487ms)
 GET /manager/hr 200 in 927ms (compile: 362ms, proxy.ts: 1453µs, render: 563ms)
/api/doctors?page=1&limit=200
 GET /manager 200 in 2.1s (compile: 591ms, proxy.ts: 1392µs, render: 1475ms)
 GET /manager/pharmacies 200 in 418ms (compile: 8ms, proxy.ts: 4ms, render: 406ms)
 GET /manager/plan 200 in 1914ms (compile: 1460ms, proxy.ts: 1352µs, render: 453ms)
 GET /manager/products 200 in 282ms (compile: 8ms, proxy.ts: 1409µs, render: 273ms)
 GET /manager/profile 200 in 1100ms (compile: 677ms, proxy.ts: 1197µs, render: 421ms)
 GET /manager/reports 200 in 924ms (compile: 435ms, proxy.ts: 1356µs, render: 487ms)
 GET /manager/requests 200 in 965ms (compile: 461ms, proxy.ts: 1209µs, render: 502ms)
Get manager team error: {
  statusCode: 500,
  code: 'error',
  message: 'An unexpected error occurred. Please try again.'
}
 GET /manager/sales 200 in 1435ms (compile: 646ms, proxy.ts: 3ms, render: 786ms)
 GET /manager/settings 200 in 371ms (compile: 14ms, proxy.ts: 1381µs, render: 356ms)
 GET /manager/team/2f6aa7dc-0948-4fbe-866c-f8c0ac0af9ce 200 in 1425ms (compile: 981ms, proxy.ts: 1665µs, render: 443ms)
Get manager team error: {
  statusCode: 500,
  code: 'error',
  message: 'An unexpected error occurred. Please try again.'
}
⨯ ReferenceError: FileList is not defined
    at eval (features/team/lib/schemas/index.ts:30:17)
    at (ssr)/./features/team/lib/schemas/index.ts (.next-qa/dev/server/app/(dashboard)/manager/team/page.js:1178:1)
    at eval (webpack-internal:///(ssr)/./features/team/components/AddMemberDialog.tsx:41:71)
    at (ssr)/./features/team/components/AddMemberDialog.tsx (.next-qa/dev/server/app/(dashboard)/manager/team/page.js:1123:1)
    at eval (webpack-internal:///(ssr)/./features/team/components/TeamPageClient.tsx:15:74)
    at (ssr)/./features/team/components/TeamPageClient.tsx (.next-qa/dev/server/app/(dashboard)/manager/team/page.js:1156:1)
  28 |     .optional(),
  29 |   certificates: z
> 30 |     .instanceof(FileList)
     |                 ^
  31 |     .refine(
  32 |       (files) => {
  33 |         if (!files || files.length === 0) return true; {
  digest: '301567448'
}
 GET /manager/team 200 in 1267ms (compile: 528ms, proxy.ts: 1425µs, render: 737ms)
/api/doctors?paginate=false
Get manager team error: {
  statusCode: 500,
  code: 'error',
  message: 'An unexpected error occurred. Please try again.'
}
 GET /manager/visits/add 200 in 765ms (compile: 468ms, proxy.ts: 1277µs, render: 296ms)
Get manager team error: {
  statusCode: 500,
  code: 'error',
  message: 'An unexpected error occurred. Please try again.'
}
 GET /manager/visits 200 in 915ms (compile: 620ms, proxy.ts: 1239µs, render: 294ms)
 GET /supervisor/coaching 200 in 1233ms (compile: 761ms, proxy.ts: 1873µs, render: 469ms)
 GET /supervisor/doctors/177f4b27-59dc-4060-8492-ce856ceff420 200 in 1097ms (compile: 713ms, proxy.ts: 1504µs, render: 383ms)
/api/doctors?page=1&limit=10
 GET /supervisor/doctors 200 in 929ms (compile: 528ms, proxy.ts: 1388µs, render: 400ms)
⨯ TypeError: Cannot read properties of undefined (reading 'toLocaleString')
    at eval (features/forecast/components/ForecastRequestsList.tsx:278:46)
    at Array.map (<anonymous>)
    at eval (features/forecast/components/ForecastRequestsList.tsx:263:23)
    at Array.map (<anonymous>)
    at ForecastRequestsList (features/forecast/components/ForecastRequestsList.tsx:176:20)
  276 |                         <div className="text-right">
  277 |                           <p className="text-sm/5 font-semibold text-black">
> 278 |                             {pf.productUnits.toLocaleString()} units
      |                                              ^
  279 |                           </p>
  280 |                         </div>
  281 |                       </div> {
  digest: '3746278157'
}
 GET /supervisor/forecast 200 in 1223ms (compile: 729ms, proxy.ts: 1157µs, render: 493ms)
Failed to fetch supervisor dashboard: {
  statusCode: 404,
  code: 'fail',
  message: 'Route /api/dashboard/supervisors not found'
}
 GET /supervisor 200 in 1252ms (compile: 845ms, proxy.ts: 1481µs, render: 406ms)
 GET /supervisor/pharmacies 200 in 1011ms (compile: 611ms, proxy.ts: 1519µs, render: 398ms)
 GET /supervisor/plan 200 in 1192ms (compile: 745ms, proxy.ts: 1332µs, render: 446ms)
 GET /supervisor/products 200 in 1038ms (compile: 602ms, proxy.ts: 1564µs, render: 434ms)
 GET /supervisor/profile 200 in 1115ms (compile: 639ms, proxy.ts: 1362µs, render: 474ms)
 GET /supervisor/reports 200 in 1138ms (compile: 663ms, proxy.ts: 1253µs, render: 474ms)
 GET /supervisor/requests 200 in 2.3s (compile: 850ms, proxy.ts: 1814µs, render: 1453ms)
 POST /manager/pharmacies 200 in 701ms (compile: 65ms, proxy.ts: 4ms, render: 632ms)
○ Compiling /supervisor/requests/submit ...
/api/doctors
 GET /supervisor/requests/submit 200 in 5.3s (compile: 4.3s, proxy.ts: 58ms, render: 926ms)
Sales fetch error: {
  statusCode: 403,
  code: 'fail',
  message: 'Access Denied - You are not authorized to perform this action'
}
⨯ Error: Access Denied - You are not authorized to perform this action
    at Page (app/(dashboard)/supervisor/sales/page.tsx:59:11)
  57 |
  58 |   if (!result.success) {
> 59 |     throw new Error(result.error?.message || "Failed to fetch sales");
     |           ^
  60 |   }
  61 |
  62 |   let sales = extractSales(result.data); {
  digest: '1388248484'
}
 GET /supervisor/sales 200 in 2.5s (compile: 2.1s, proxy.ts: 5ms, render: 462ms)
 GET /manager/pharmacies 200 in 470ms (compile: 1144µs, proxy.ts: 1890µs, render: 467ms)
 POST /manager/pharmacies 200 in 1102ms (compile: 6ms, proxy.ts: 85ms, render: 1012ms)
 GET /supervisor/settings 200 in 1734ms (compile: 1355ms, proxy.ts: 1484µs, render: 378ms)
○ Compiling /supervisor/team/[id] ...
 GET /supervisor/team/2f6aa7dc-0948-4fbe-866c-f8c0ac0af9ce 200 in 6.8s (compile: 6.4s, proxy.ts: 1454µs, render: 314ms)
 GET /supervisor/team 200 in 2.5s (compile: 1608ms, proxy.ts: 1487µs, render: 864ms)
/api/doctors?paginate=false
 GET /supervisor/visits/add 200 in 2.7s (compile: 2.0s, proxy.ts: 2ms, render: 656ms)
 GET /supervisor/visits 200 in 1715ms (compile: 1362ms, proxy.ts: 1779µs, render: 352ms)
○ Compiling /rep/appraisal ...
 GET /rep/appraisal 200 in 3.8s (compile: 3.5s, proxy.ts: 1602µs, render: 313ms)
 GET /rep/coaching 200 in 1185ms (compile: 790ms, proxy.ts: 1471µs, render: 394ms)
 POST /manager/pharmacies 200 in 386ms (compile: 15ms, proxy.ts: 28ms, render: 342ms)
 GET /rep/doctors/177f4b27-59dc-4060-8492-ce856ceff420 200 in 2.8s (compile: 2.5s, proxy.ts: 1744µs, render: 340ms)
/api/doctors?paginate=false
 GET /rep/doctors 200 in 2.4s (compile: 1487ms, proxy.ts: 1235µs, render: 957ms)
○ Compiling /rep/forecast/new ...
⨯ TypeError: Cannot read properties of undefined (reading 'trim')
    at eval (features/forecast/lib/utils/index.ts:44:36)
    at Array.filter (<anonymous>)
    at eval (features/forecast/lib/utils/index.ts:44:12)
    at Array.flatMap (<anonymous>)
    at calculateForecastStats (features/forecast/lib/utils/index.ts:40:15)
    at Page (app/(dashboard)/rep/forecast/new/page.tsx:14:39)
  42 |         f.distributions
  43 |           ?.map((d) => d.doctorId || d.doctorName)
> 44 |           .filter((value) => value.trim().length > 0) || [],
     |                                    ^
  45 |     ),
  46 |   ).size;
  47 | {
  digest: '3886014192'
}
 GET /rep/forecast/new 200 in 5.7s (compile: 5.2s, proxy.ts: 1596µs, render: 408ms)
⨯ TypeError: Cannot read properties of undefined (reading 'trim')
    at eval (features/forecast/lib/utils/index.ts:44:36)
    at Array.filter (<anonymous>)
    at eval (features/forecast/lib/utils/index.ts:44:12)
    at Array.flatMap (<anonymous>)
    at calculateForecastStats (features/forecast/lib/utils/index.ts:40:15)
    at Page (app/(dashboard)/rep/forecast/page.tsx:20:39)
  42 |         f.distributions
  43 |           ?.map((d) => d.doctorId || d.doctorName)
> 44 |           .filter((value) => value.trim().length > 0) || [],
     |                                    ^
  45 |     ),
  46 |   ).size;
  47 | {
  digest: '3471706631'
}
 GET /rep/forecast 200 in 3.0s (compile: 1501ms, proxy.ts: 2ms, render: 1515ms)
○ Compiling /rep ...
 GET /manager/pharmacies 200 in 690ms (compile: 12ms, proxy.ts: 2ms, render: 676ms)
 GET /rep 200 in 10.0s (compile: 8.0s, proxy.ts: 4ms, render: 2.0s)
 GET /rep/pharmacies 200 in 1930ms (compile: 1268ms, proxy.ts: 1814µs, render: 660ms)
 GET /rep/plan 200 in 2.0s (compile: 1295ms, proxy.ts: 1408µs, render: 732ms)
 GET /rep/products 200 in 2.5s (compile: 1354ms, proxy.ts: 1614µs, render: 1189ms)
○ Compiling /rep/profile ...
 GET /rep/profile 200 in 6.8s (compile: 6.5s, proxy.ts: 5ms, render: 333ms)
 POST /manager/pharmacies 200 in 957ms (compile: 14ms, proxy.ts: 176ms, render: 767ms)
 GET /manager/pharmacies 200 in 159ms (compile: 15ms, proxy.ts: 82ms, render: 62ms)
 GET /rep/reports 200 in 2.9s (compile: 2.5s, proxy.ts: 1541µs, render: 461ms)
 POST /manager/pharmacies 200 in 1376ms (compile: 15ms, proxy.ts: 82ms, render: 1279ms)
○ Compiling /rep/requests/new ...
/api/doctors
 GET /rep/requests/new 200 in 4.2s (compile: 3.3s, proxy.ts: 1545µs, render: 902ms)
○ Compiling /rep/requests ...
 GET /rep/requests 200 in 5.9s (compile: 5.4s, proxy.ts: 4ms, render: 480ms)
 GET /rep/sales 200 in 5.9s (compile: 3.0s, proxy.ts: 1731µs, render: 2.8s)
 GET /rep/settings 200 in 2.3s (compile: 1921ms, proxy.ts: 1844µs, render: 391ms)
○ Compiling /rep/target ...
 GET /rep/target 200 in 6.2s (compile: 5.7s, proxy.ts: 1613µs, render: 558ms)
/api/doctors?paginate=false
 POST /manager/pharmacies 200 in 2.3s (compile: 28ms, proxy.ts: 1067ms, render: 1174ms)
 GET /rep/visits/add 200 in 1283ms (compile: 677ms, proxy.ts: 1447µs, render: 604ms)
○ Compiling /rep/visits ...
 GET /rep/visits 200 in 3.9s (compile: 3.6s, proxy.ts: 1526µs, render: 384ms)
 GET /rep/visits/report 200 in 3.3s (compile: 3.0s, proxy.ts: 1548µs, render: 331ms)
 POST /manager/pharmacies 200 in 1333ms (compile: 59ms, proxy.ts: 16ms, render: 1258ms)
 GET / 200 in 2.8s (compile: 2.8s, proxy.ts: 1685µs, render: 77ms)
 POST /manager/pharmacies 303 in 2.9s (compile: 3ms, proxy.ts: 3ms, render: 2.9s)
 POST / 200 in 1041ms (compile: 1998µs, proxy.ts: 9ms, render: 1030ms)
 POST /rep 200 in 714ms (compile: 2ms, proxy.ts: 3ms, render: 709ms)
 GET /rep 200 in 2.4s (compile: 1158µs, proxy.ts: 3ms, render: 2.3s)
 GET /rep 200 in 5.5s (compile: 2.9s, proxy.ts: 1877µs, render: 2.6s)
 POST /rep 200 in 285ms (compile: 1997µs, proxy.ts: 23ms, render: 260ms)
 GET /rep 200 in 92ms (compile: 31ms, proxy.ts: 2ms, render: 59ms)
 POST /rep 200 in 1293ms (compile: 25ms, proxy.ts: 7ms, render: 1261ms)
 POST /rep 200 in 1154ms (compile: 5ms, proxy.ts: 7ms, render: 1142ms)
 GET /rep 200 in 346ms (compile: 29ms, proxy.ts: 9ms, render: 309ms)
 GET /rep 200 in 42ms (compile: 1772µs, proxy.ts: 4ms, render: 36ms)
 POST /rep 200 in 1240ms (compile: 4ms, proxy.ts: 16ms, render: 1221ms)
 POST /rep 200 in 1515ms (compile: 4ms, proxy.ts: 9ms, render: 1502ms)
 GET /rep 200 in 239ms (compile: 136ms, proxy.ts: 6ms, render: 97ms)
○ Compiling /rep/visits/report ...
 GET /rep/visits/report?visitId=07a99f44-fe3d-4701-9441-b31e569b2b14 200 in 5.2s (compile: 3.5s, proxy.ts: 2ms, render: 1710ms)
 POST /rep/visits/report?visitId=07a99f44-fe3d-4701-9441-b31e569b2b14 200 in 668ms (compile: 2ms, proxy.ts: 2ms, render: 663ms)
 POST /rep/visits/report?visitId=07a99f44-fe3d-4701-9441-b31e569b2b14 200 in 267ms (compile: 2ms, proxy.ts: 2ms, render: 263ms)
 POST /rep/visits/report?visitId=07a99f44-fe3d-4701-9441-b31e569b2b14 200 in 1792ms (compile: 10ms, proxy.ts: 39ms, render: 1743ms)
 GET /manager/appraisal 200 in 3.6s (compile: 3.0s, proxy.ts: 2ms, render: 618ms)
 GET /manager/coaching 200 in 2.2s (compile: 1733ms, proxy.ts: 1647µs, render: 479ms)
 GET /manager/doctors/177f4b27-59dc-4060-8492-ce856ceff420 200 in 1979ms (compile: 1570ms, proxy.ts: 1456µs, render: 408ms)
 GET /manager/doctors/add 200 in 1981ms (compile: 1675ms, proxy.ts: 1605µs, render: 304ms)
/api/doctors?paginate=false
 GET /manager/doctors 200 in 803ms (compile: 484ms, proxy.ts: 1906µs, render: 317ms)
 GET /manager/forecast 200 in 2.5s (compile: 2.1s, proxy.ts: 1676µs, render: 411ms)
 POST /rep/visits/report?visitId=07a99f44-fe3d-4701-9441-b31e569b2b14 200 in 622ms (compile: 10ms, proxy.ts: 4ms, render: 608ms)
 GET /manager/hr 200 in 4.6s (compile: 2.6s, proxy.ts: 1651µs, render: 2.0s)
○ Compiling /rep/visits ...
 GET /rep/visits 200 in 5.7s (compile: 3.7s, proxy.ts: 98ms, render: 1909ms)
○ Compiling /manager ...
/api/doctors?page=1&limit=200
 GET /manager 200 in 5.7s (compile: 3.2s, proxy.ts: 1047ms, render: 1399ms)
 GET /manager/pharmacies 200 in 1336ms (compile: 11ms, proxy.ts: 1898µs, render: 1324ms)
 GET /manager/plan 200 in 1057ms (compile: 634ms, proxy.ts: 1488µs, render: 421ms)
○ Compiling /manager/products ...
 GET /manager/products 200 in 5.7s (compile: 4.1s, proxy.ts: 1585µs, render: 1510ms)
 POST /rep/visits 200 in 1853ms (compile: 76ms, proxy.ts: 103ms, render: 1674ms)
 GET /manager/profile 200 in 1047ms (compile: 751ms, proxy.ts: 3ms, render: 293ms)
 GET /manager/reports 200 in 2.4s (compile: 1877ms, proxy.ts: 1571µs, render: 509ms)
 GET /manager/requests 200 in 1125ms (compile: 585ms, proxy.ts: 1654µs, render: 538ms)
○ Compiling /manager/sales ...
Get manager team error: { statusCode: 400, code: 'fail', message: 'Invalid role' }
 GET /manager/sales 200 in 4.3s (compile: 3.5s, proxy.ts: 1563µs, render: 783ms)
 GET /manager/settings 200 in 2.9s (compile: 2.1s, proxy.ts: 2ms, render: 853ms)
 GET /manager/team/2f6aa7dc-0948-4fbe-866c-f8c0ac0af9ce 200 in 2.7s (compile: 2.3s, proxy.ts: 1566µs, render: 438ms)
Get manager team error: { statusCode: 400, code: 'fail', message: 'Invalid role' }
 GET /manager/team 200 in 2.4s (compile: 661ms, proxy.ts: 1658µs, render: 1766ms)
/api/doctors?paginate=false
Get manager team error: { statusCode: 400, code: 'fail', message: 'Invalid role' }
 GET /manager/visits/add 200 in 1293ms (compile: 979ms, proxy.ts: 3ms, render: 311ms)
Manager visits fetch error: [TypeError: fetch failed] {
  [cause]: AggregateError: 
      at ignore-listed frames {
    code: 'ECONNREFUSED'
  }
}
Get manager team error: [TypeError: fetch failed] {
  [cause]: AggregateError: 
      at ignore-listed frames {
    code: 'ECONNREFUSED'
  }
}
 GET /manager/visits 200 in 2.5s (compile: 1945ms, proxy.ts: 1796µs, render: 533ms)
 POST /rep/visits 200 in 1820ms (compile: 28ms, proxy.ts: 6ms, render: 1786ms)
/api/doctors
 GET /rep/requests/new 200 in 5.2s (compile: 3.0s, proxy.ts: 4ms, render: 2.3s)
 POST /rep/requests/new 200 in 719ms (compile: 2ms, proxy.ts: 3ms, render: 713ms)
 POST /rep/requests/new 200 in 298ms (compile: 3ms, proxy.ts: 10ms, render: 285ms)
 POST /rep/requests/new 200 in 307ms (compile: 2ms, proxy.ts: 3ms, render: 302ms)
 POST /rep/requests/new 200 in 725ms (compile: 49ms, proxy.ts: 6ms, render: 670ms)
 POST /rep/requests/new 200 in 278ms (compile: 3ms, proxy.ts: 7ms, render: 268ms)
/api/doctors
 GET /rep/requests/new 200 in 51ms (compile: 1343µs, proxy.ts: 2ms, render: 47ms)
 POST /rep/requests/new 200 in 1159ms (compile: 5ms, proxy.ts: 40ms, render: 1115ms)
 POST /rep/requests/new 200 in 1220ms (compile: 4ms, proxy.ts: 5ms, render: 1211ms)
/api/doctors
 GET /rep/requests/new 200 in 97ms (compile: 43ms, proxy.ts: 1603µs, render: 53ms)
/api/doctors
 GET /rep/requests/new 200 in 37ms (compile: 3ms, proxy.ts: 3ms, render: 31ms)
 POST /rep/requests/new 200 in 1276ms (compile: 6ms, proxy.ts: 6ms, render: 1264ms)
 POST /rep/requests/new 200 in 1244ms (compile: 2ms, proxy.ts: 2ms, render: 1240ms)
 POST /rep/requests/new 200 in 1622ms (compile: 205ms, proxy.ts: 168ms, render: 1249ms)
 POST /rep/requests/new 200 in 1977ms (compile: 7ms, proxy.ts: 4ms, render: 1966ms)
○ Compiling /rep/requests ...
 GET /rep/requests 200 in 7.2s (compile: 6.3s, proxy.ts: 3ms, render: 895ms)
 POST /rep/requests/new 200 in 1182ms (compile: 9ms, proxy.ts: 77ms, render: 1096ms)
 GET /manager/appraisal 200 in 3.0s (compile: 2.2s, proxy.ts: 99ms, render: 668ms)
 GET /manager/coaching 200 in 3.4s (compile: 2.3s, proxy.ts: 1630µs, render: 1104ms)
○ Compiling /manager/doctors/[id] ...
 GET /manager/doctors/177f4b27-59dc-4060-8492-ce856ceff420 200 in 4.6s (compile: 4.1s, proxy.ts: 3ms, render: 548ms)
○ Compiling /manager/doctors/add ...
 GET /manager/doctors/add 200 in 4.8s (compile: 4.3s, proxy.ts: 3ms, render: 494ms)
/api/doctors?paginate=false
 GET /manager/doctors 200 in 2.7s (compile: 2.3s, proxy.ts: 4ms, render: 428ms)
 GET /manager/forecast 200 in 3.0s (compile: 2.6s, proxy.ts: 2ms, render: 427ms)
 POST /rep/requests/new 200 in 2.2s (compile: 13ms, proxy.ts: 144ms, render: 2.1s)
 GET /manager/hr 200 in 2.7s (compile: 2.2s, proxy.ts: 1366µs, render: 501ms)
/api/doctors?page=1&limit=200
 GET /manager 200 in 3.7s (compile: 1048ms, proxy.ts: 1586µs, render: 2.7s)
 GET /manager/pharmacies 200 in 3.0s (compile: 2.5s, proxy.ts: 1829µs, render: 499ms)
 GET /manager/plan 200 in 1800ms (compile: 1355ms, proxy.ts: 1647µs, render: 444ms)
 GET /manager/products 200 in 1978ms (compile: 669ms, proxy.ts: 1523µs, render: 1308ms)
 GET /manager/profile 200 in 1052ms (compile: 705ms, proxy.ts: 1637µs, render: 346ms)
 GET /manager/reports 200 in 2.1s (compile: 1537ms, proxy.ts: 1512µs, render: 529ms)
 GET /manager/requests 200 in 1311ms (compile: 631ms, proxy.ts: 1426µs, render: 679ms)
 GET /manager/sales 200 in 3.4s (compile: 1625ms, proxy.ts: 1407µs, render: 1790ms)
 GET /manager/settings 200 in 2.8s (compile: 1909ms, proxy.ts: 1526µs, render: 858ms)
 GET /manager/team/2f6aa7dc-0948-4fbe-866c-f8c0ac0af9ce 200 in 2.4s (compile: 712ms, proxy.ts: 1931µs, render: 1708ms)
 POST /rep/requests/new 200 in 775ms (compile: 15ms, proxy.ts: 119ms, render: 641ms)
 GET /manager/team 200 in 4.0s (compile: 2.6s, proxy.ts: 2ms, render: 1402ms)
/api/doctors?paginate=false
 GET /manager/visits/add 200 in 2.7s (compile: 2.2s, proxy.ts: 1450µs, render: 508ms)
 GET /manager/visits 200 in 1286ms (compile: 677ms, proxy.ts: 1685µs, render: 608ms)
 GET /supervisor/coaching 200 in 3.2s (compile: 2.3s, proxy.ts: 1452µs, render: 928ms)
 GET /supervisor/doctors/177f4b27-59dc-4060-8492-ce856ceff420 200 in 1124ms (compile: 715ms, proxy.ts: 1540µs, render: 407ms)
/api/doctors?page=1&limit=10
 GET /supervisor/doctors 200 in 2.8s (compile: 2.2s, proxy.ts: 1678µs, render: 552ms)
 GET /supervisor/forecast 200 in 1174ms (compile: 774ms, proxy.ts: 1536µs, render: 399ms)
 GET /supervisor 200 in 3.7s (compile: 2.4s, proxy.ts: 1779µs, render: 1269ms)
 GET /supervisor/pharmacies 200 in 1192ms (compile: 836ms, proxy.ts: 1593µs, render: 354ms)
 GET /supervisor/plan 200 in 3.2s (compile: 2.7s, proxy.ts: 1340µs, render: 453ms)
 GET /supervisor/products 200 in 3.7s (compile: 2.4s, proxy.ts: 1592µs, render: 1321ms)
 GET /rep/requests 200 in 3.6s (compile: 1833ms, proxy.ts: 1305ms, render: 466ms)
○ Compiling /supervisor/profile ...
 GET /supervisor/profile 200 in 3.9s (compile: 3.6s, proxy.ts: 51ms, render: 286ms)
 POST /rep/requests 200 in 910ms (compile: 9ms, proxy.ts: 83ms, render: 818ms)
 GET /supervisor/reports 200 in 3.3s (compile: 2.8s, proxy.ts: 1443µs, render: 496ms)
 GET /supervisor/requests 200 in 1733ms (compile: 869ms, proxy.ts: 2ms, render: 861ms)
/api/doctors
 GET /supervisor/requests/submit 200 in 3.2s (compile: 2.7s, proxy.ts: 1472µs, render: 494ms)
 GET /supervisor/sales 200 in 2.0s (compile: 837ms, proxy.ts: 2ms, render: 1200ms)
 GET /supervisor/settings 200 in 3.2s (compile: 2.8s, proxy.ts: 1657µs, render: 307ms)
 GET /supervisor/team/2f6aa7dc-0948-4fbe-866c-f8c0ac0af9ce 200 in 1157ms (compile: 855ms, proxy.ts: 2ms, render: 301ms)
 GET /supervisor/team 200 in 3.3s (compile: 2.8s, proxy.ts: 2ms, render: 529ms)
/api/doctors?paginate=false
 GET /supervisor/visits/add 200 in 6.5s (compile: 2.1s, proxy.ts: 3ms, render: 4.4s)
 GET /supervisor/visits 200 in 1557ms (compile: 1165ms, proxy.ts: 9ms, render: 383ms)
○ Compiling /rep/appraisal ...
 POST /rep/requests 200 in 798ms (compile: 13ms, proxy.ts: 105ms, render: 680ms)
 GET /rep/appraisal 200 in 6.1s (compile: 5.3s, proxy.ts: 2ms, render: 791ms)
 POST /rep/requests 200 in 381ms (compile: 3ms, proxy.ts: 4ms, render: 374ms)
○ Compiling /rep/coaching ...
 GET /rep/coaching 200 in 4.2s (compile: 3.8s, proxy.ts: 1674µs, render: 450ms)
 GET /rep/doctors/177f4b27-59dc-4060-8492-ce856ceff420 200 in 1480ms (compile: 1079ms, proxy.ts: 1919µs, render: 399ms)
○ Compiling /rep/doctors ...
/api/doctors?paginate=false
 GET /rep/doctors 200 in 4.8s (compile: 4.1s, proxy.ts: 3ms, render: 672ms)
○ Compiling /rep/forecast/new ...
 GET /rep/requests 200 in 51ms (compile: 15ms, proxy.ts: 2ms, render: 34ms)
 GET /rep/forecast/new 200 in 4.6s (compile: 4.2s, proxy.ts: 3ms, render: 460ms)
○ Compiling /rep/forecast ...
 GET /rep/requests 200 in 82ms (compile: 42ms, proxy.ts: 2ms, render: 38ms)
 GET /rep/forecast 200 in 5.0s (compile: 4.5s, proxy.ts: 5ms, render: 512ms)
 GET /rep 200 in 1318ms (compile: 26ms, proxy.ts: 1690µs, render: 1290ms)
 POST /rep/requests 200 in 454ms (compile: 30ms, proxy.ts: 5ms, render: 419ms)
 GET /rep/pharmacies 200 in 4.4s (compile: 1805ms, proxy.ts: 1403µs, render: 2.6s)
 GET /rep/plan 200 in 1860ms (compile: 1100ms, proxy.ts: 13ms, render: 747ms)
○ Compiling /rep/products ...
 GET /rep/products 200 in 5.0s (compile: 4.6s, proxy.ts: 1700µs, render: 350ms)
 GET /rep/profile 200 in 1319ms (compile: 989ms, proxy.ts: 1679µs, render: 329ms)
⚠ Server is approaching the used memory threshold, restarting...
▲ Next.js 16.1.0 (webpack)
- Local:         http://localhost:3002
- Network:       http://192.168.1.169:3002
- Environments: .env
- Experiments (use with caution):
  · serverActions

✓ Starting...
✓ Ready in 1128ms
 GET /rep/requests 200 in 2.4s (compile: 1632ms, proxy.ts: 54ms, render: 758ms)
 POST /rep/requests 200 in 652ms (compile: 4ms, proxy.ts: 8ms, render: 641ms)
 POST /rep/requests 200 in 1099ms (compile: 4ms, proxy.ts: 5ms, render: 1090ms)
 GET / 200 in 538ms (compile: 500ms, proxy.ts: 3ms, render: 35ms)
 POST /rep/requests 303 in 559ms (compile: 5ms, proxy.ts: 4ms, render: 550ms)
 POST / 200 in 523ms (compile: 1049µs, proxy.ts: 4ms, render: 518ms)
/api/doctors?page=1&limit=200
/api/doctors?page=1&limit=200
 POST /manager 200 in 688ms (compile: 1958µs, proxy.ts: 3ms, render: 683ms)
 POST /manager 200 in 15ms (compile: 3ms, proxy.ts: 4ms, render: 8ms)
 GET /manager 200 in 1214ms (compile: 1193µs, proxy.ts: 3ms, render: 1209ms)
 POST /manager 200 in 262ms (compile: 1513µs, proxy.ts: 11ms, render: 250ms)
 POST /manager 200 in 10ms (compile: 2ms, proxy.ts: 2ms, render: 6ms)
 GET /manager 200 in 2.3s (compile: 948ms, proxy.ts: 1866µs, render: 1394ms)
 POST /manager 200 in 18ms (compile: 3ms, proxy.ts: 6ms, render: 9ms)
 POST /manager 200 in 14ms (compile: 2ms, proxy.ts: 4ms, render: 8ms)
 POST /manager 200 in 1123ms (compile: 2ms, proxy.ts: 3ms, render: 1118ms)
 POST /manager 200 in 17ms (compile: 5ms, proxy.ts: 4ms, render: 8ms)
 POST /manager 200 in 15ms (compile: 2ms, proxy.ts: 4ms, render: 8ms)
 POST /manager 200 in 15ms (compile: 2ms, proxy.ts: 4ms, render: 9ms)
 POST /manager 200 in 9ms (compile: 1292µs, proxy.ts: 1699µs, render: 6ms)
 POST /manager 200 in 5ms (compile: 1087µs, proxy.ts: 1382µs, render: 2ms)
 POST /manager 200 in 154ms (compile: 14ms, proxy.ts: 123ms, render: 17ms)
 GET /manager/requests 200 in 2.5s (compile: 1271ms, proxy.ts: 3ms, render: 1179ms)
 POST /manager/requests 200 in 717ms (compile: 1617µs, proxy.ts: 3ms, render: 712ms)
 POST /manager/requests 200 in 7ms (compile: 1074µs, proxy.ts: 2ms, render: 4ms)
 POST /manager/requests 200 in 250ms (compile: 1084µs, proxy.ts: 1635µs, render: 248ms)
 POST /manager/requests 200 in 11ms (compile: 3ms, proxy.ts: 4ms, render: 4ms)
 POST /manager/requests 200 in 17ms (compile: 4ms, proxy.ts: 4ms, render: 9ms)
 POST /manager/requests 200 in 1136ms (compile: 2ms, proxy.ts: 4ms, render: 1130ms)
 POST /manager/requests 200 in 13ms (compile: 4ms, proxy.ts: 3ms, render: 7ms)
 GET /manager/requests 200 in 959ms (compile: 1466µs, proxy.ts: 2ms, render: 956ms)
 POST /manager/requests 200 in 637ms (compile: 3ms, proxy.ts: 4ms, render: 631ms)
 POST /manager/requests 200 in 18ms (compile: 4ms, proxy.ts: 7ms, render: 8ms)
 POST /manager/requests 200 in 14ms (compile: 3ms, proxy.ts: 4ms, render: 8ms)
 POST /manager/requests 200 in 14ms (compile: 4ms, proxy.ts: 4ms, render: 7ms)
 POST /manager/requests 200 in 246ms (compile: 1409µs, proxy.ts: 2ms, render: 242ms)
 POST /manager/requests 200 in 5ms (compile: 1091µs, proxy.ts: 1807µs, render: 3ms)
 POST /manager/requests 200 in 20ms (compile: 3ms, proxy.ts: 7ms, render: 10ms)
 POST /manager/requests 200 in 18ms (compile: 4ms, proxy.ts: 4ms, render: 10ms)
 POST /manager/requests 200 in 1202ms (compile: 3ms, proxy.ts: 3ms, render: 1195ms)
 POST /manager/requests 200 in 8ms (compile: 2ms, proxy.ts: 2ms, render: 4ms)
 POST /manager/requests 200 in 10ms (compile: 3ms, proxy.ts: 3ms, render: 5ms)
 POST /manager/requests 200 in 17ms (compile: 3ms, proxy.ts: 4ms, render: 10ms)
 POST /manager/requests 200 in 1178ms (compile: 3ms, proxy.ts: 4ms, render: 1171ms)
 POST /manager/requests 200 in 13ms (compile: 2ms, proxy.ts: 3ms, render: 7ms)
 POST /manager/requests 200 in 16ms (compile: 4ms, proxy.ts: 4ms, render: 9ms)
/*! 🌼 daisyUI 5.7.19 */
 GET /manager/requests 200 in 89ms (compile: 47ms, proxy.ts: 1411µs, render: 41ms)
 POST /manager/requests 200 in 16ms (compile: 2ms, proxy.ts: 5ms, render: 9ms)
 GET /manager/requests 200 in 65ms (compile: 31ms, proxy.ts: 4ms, render: 30ms)
 POST /manager/requests 200 in 1198ms (compile: 1346µs, proxy.ts: 1605µs, render: 1195ms)
 POST /manager/requests 200 in 11ms (compile: 1320µs, proxy.ts: 2ms, render: 8ms)
 POST /manager/requests 200 in 10ms (compile: 1620µs, proxy.ts: 3ms, render: 6ms)
 GET /manager/requests 200 in 242ms (compile: 60ms, proxy.ts: 22ms, render: 160ms)
 POST /manager/requests 200 in 17ms (compile: 3ms, proxy.ts: 5ms, render: 10ms)
 POST /manager/requests 200 in 1377ms (compile: 5ms, proxy.ts: 5ms, render: 1367ms)
 POST /manager/requests 200 in 43ms (compile: 2ms, proxy.ts: 34ms, render: 7ms)
 POST /manager/requests 200 in 14ms (compile: 2ms, proxy.ts: 4ms, render: 8ms)
 POST /manager/requests 200 in 16ms (compile: 3ms, proxy.ts: 5ms, render: 8ms)
 POST /manager/requests 200 in 1211ms (compile: 3ms, proxy.ts: 5ms, render: 1204ms)
 POST /manager/requests 200 in 15ms (compile: 3ms, proxy.ts: 3ms, render: 8ms)
 POST /manager/requests 200 in 16ms (compile: 3ms, proxy.ts: 4ms, render: 9ms)
 POST /manager/requests 200 in 17ms (compile: 3ms, proxy.ts: 5ms, render: 10ms)
 POST /manager/requests 200 in 1123ms (compile: 4ms, proxy.ts: 7ms, render: 1112ms)
 POST /manager/requests 200 in 16ms (compile: 3ms, proxy.ts: 7ms, render: 6ms)
 POST /manager/requests 200 in 18ms (compile: 3ms, proxy.ts: 6ms, render: 9ms)
 POST /manager/requests 200 in 16ms (compile: 3ms, proxy.ts: 4ms, render: 9ms)
 POST /manager/requests 200 in 1119ms (compile: 3ms, proxy.ts: 4ms, render: 1112ms)
 POST /manager/requests 200 in 17ms (compile: 4ms, proxy.ts: 4ms, render: 8ms)
 POST /manager/requests 200 in 15ms (compile: 3ms, proxy.ts: 4ms, render: 7ms)
 POST /manager/requests 200 in 18ms (compile: 3ms, proxy.ts: 5ms, render: 10ms)
 GET /manager/requests 200 in 209ms (compile: 127ms, proxy.ts: 7ms, render: 75ms)
 GET /manager/requests 200 in 20ms (compile: 2ms, proxy.ts: 2ms, render: 15ms)
 POST /manager/requests 200 in 1104ms (compile: 3ms, proxy.ts: 6ms, render: 1095ms)
 POST /manager/requests 200 in 17ms (compile: 3ms, proxy.ts: 5ms, render: 8ms)
 POST /manager/requests 200 in 24ms (compile: 5ms, proxy.ts: 10ms, render: 9ms)
 POST /manager/requests 200 in 26ms (compile: 7ms, proxy.ts: 7ms, render: 12ms)
 GET /manager/requests 200 in 22ms (compile: 2ms, proxy.ts: 4ms, render: 16ms)
 POST /manager/requests 200 in 1237ms (compile: 3ms, proxy.ts: 5ms, render: 1230ms)
 POST /manager/requests 200 in 11ms (compile: 2ms, proxy.ts: 3ms, render: 5ms)
 POST /manager/requests 200 in 18ms (compile: 4ms, proxy.ts: 5ms, render: 9ms)
 POST /manager/requests 200 in 12ms (compile: 4ms, proxy.ts: 4ms, render: 4ms)
 GET /manager/requests 200 in 38ms (compile: 1527µs, proxy.ts: 4ms, render: 32ms)
 POST /manager/requests 200 in 252ms (compile: 3ms, proxy.ts: 5ms, render: 244ms)
 POST /manager/requests 200 in 15ms (compile: 4ms, proxy.ts: 5ms, render: 6ms)
 GET /manager/pharmacies 200 in 2.4s (compile: 1975ms, proxy.ts: 1810µs, render: 449ms)
 POST /manager/pharmacies 200 in 273ms (compile: 1515µs, proxy.ts: 3ms, render: 269ms)
 POST /manager/pharmacies 200 in 637ms (compile: 2ms, proxy.ts: 7ms, render: 628ms)
 POST /manager/pharmacies 200 in 1097ms (compile: 1917µs, proxy.ts: 1912µs, render: 1093ms)
 POST /manager/pharmacies 200 in 1231ms (compile: 4ms, proxy.ts: 7ms, render: 1220ms)
 POST /manager/pharmacies 200 in 1490ms (compile: 3ms, proxy.ts: 3ms, render: 1483ms)
 POST /manager/pharmacies 200 in 1163ms (compile: 3ms, proxy.ts: 5ms, render: 1155ms)
 POST /manager/pharmacies 200 in 1158ms (compile: 3ms, proxy.ts: 5ms, render: 1150ms)
 POST /manager/pharmacies 200 in 1172ms (compile: 4ms, proxy.ts: 5ms, render: 1163ms)
 POST /manager/pharmacies 200 in 1521ms (compile: 5ms, proxy.ts: 7ms, render: 1509ms)
 POST /manager/pharmacies 200 in 1648ms (compile: 3ms, proxy.ts: 4ms, render: 1641ms)
 GET /manager/pharmacies 200 in 743ms (compile: 1360µs, proxy.ts: 2ms, render: 740ms)
 POST /manager/pharmacies 200 in 269ms (compile: 4ms, proxy.ts: 4ms, render: 260ms)
 GET /manager/pharmacies 200 in 143ms (compile: 70ms, proxy.ts: 10ms, render: 64ms)
 POST /manager/pharmacies 200 in 1195ms (compile: 2ms, proxy.ts: 3ms, render: 1189ms)
 POST /manager/pharmacies 200 in 1116ms (compile: 3ms, proxy.ts: 5ms, render: 1108ms)
 GET /manager/pharmacies 200 in 112ms (compile: 51ms, proxy.ts: 4ms, render: 56ms)
 POST /manager/pharmacies 200 in 1217ms (compile: 5ms, proxy.ts: 6ms, render: 1206ms)
 POST /manager/pharmacies 200 in 1188ms (compile: 5ms, proxy.ts: 8ms, render: 1175ms)
 GET /manager/pharmacies 200 in 77ms (compile: 5ms, proxy.ts: 6ms, render: 66ms)
 POST /manager/pharmacies 200 in 264ms (compile: 4ms, proxy.ts: 5ms, render: 255ms)
 POST /manager/pharmacies 200 in 699ms (compile: 5ms, proxy.ts: 8ms, render: 686ms)
 GET / 200 in 508ms (compile: 475ms, proxy.ts: 1856µs, render: 32ms)
 POST /manager/pharmacies 303 in 526ms (compile: 3ms, proxy.ts: 2ms, render: 520ms)
 POST / 200 in 1210ms (compile: 1706µs, proxy.ts: 1648µs, render: 1207ms)
 GET /rep 200 in 2.4s (compile: 1200ms, proxy.ts: 5ms, render: 1204ms)
 GET /rep 200 in 1226ms (compile: 1374µs, proxy.ts: 3ms, render: 1221ms)
 POST /rep 200 in 622ms (compile: 1473µs, proxy.ts: 1691µs, render: 619ms)
 POST /rep 200 in 254ms (compile: 1062µs, proxy.ts: 1503µs, render: 251ms)
 POST /rep 200 in 1336ms (compile: 5ms, proxy.ts: 12ms, render: 1319ms)
 POST /rep 200 in 249ms (compile: 1605µs, proxy.ts: 3ms, render: 244ms)
 GET /rep/requests 200 in 456ms (compile: 15ms, proxy.ts: 6ms, render: 435ms)
 POST /rep/requests 200 in 1176ms (compile: 2ms, proxy.ts: 1726µs, render: 1172ms)
 POST /rep/requests 200 in 1152ms (compile: 6ms, proxy.ts: 6ms, render: 1140ms)
 POST /rep/requests 200 in 1301ms (compile: 3ms, proxy.ts: 4ms, render: 1295ms)
 POST /rep/requests 200 in 681ms (compile: 5ms, proxy.ts: 9ms, render: 667ms)
 POST /rep/requests 200 in 1264ms (compile: 3ms, proxy.ts: 7ms, render: 1254ms)
 POST /rep/requests 200 in 258ms (compile: 4ms, proxy.ts: 6ms, render: 248ms)
 POST /rep/requests 200 in 4.0s (compile: 9ms, proxy.ts: 6ms, render: 4.0s)
 GET /rep/requests 200 in 136ms (compile: 69ms, proxy.ts: 5ms, render: 63ms)
 POST /rep/requests 200 in 2.5s (compile: 3ms, proxy.ts: 6ms, render: 2.5s)
 POST /rep/requests 200 in 7.6s (compile: 5ms, proxy.ts: 4ms, render: 7.6s)
 POST /rep/requests 200 in 1475ms (compile: 5ms, proxy.ts: 4ms, render: 1465ms)
 POST /rep/requests 200 in 1135ms (compile: 4ms, proxy.ts: 2ms, render: 1129ms)
 POST /rep/requests 200 in 290ms (compile: 4ms, proxy.ts: 5ms, render: 281ms)
 POST /rep/requests 200 in 1204ms (compile: 3ms, proxy.ts: 7ms, render: 1193ms)
 GET /rep/requests 200 in 37ms (compile: 4ms, proxy.ts: 4ms, render: 29ms)
 POST /rep/requests 200 in 1176ms (compile: 3ms, proxy.ts: 7ms, render: 1166ms)
 GET /rep/requests 200 in 49ms (compile: 3ms, proxy.ts: 9ms, render: 37ms)
 POST /rep/requests 200 in 1520ms (compile: 5ms, proxy.ts: 7ms, render: 1508ms)
 POST /rep/requests 200 in 1253ms (compile: 5ms, proxy.ts: 5ms, render: 1243ms)
 POST /rep/requests 200 in 1251ms (compile: 6ms, proxy.ts: 6ms, render: 1239ms)
 POST /rep/requests 200 in 1218ms (compile: 4ms, proxy.ts: 5ms, render: 1209ms)
 POST /rep/requests 200 in 1230ms (compile: 4ms, proxy.ts: 4ms, render: 1222ms)
 POST /rep/requests 200 in 1405ms (compile: 4ms, proxy.ts: 6ms, render: 1395ms)
 POST /rep/requests 200 in 1799ms (compile: 4ms, proxy.ts: 4ms, render: 1791ms)
 POST /rep/requests 200 in 1312ms (compile: 5ms, proxy.ts: 10ms, render: 1297ms)
 POST /rep/requests 200 in 1272ms (compile: 5ms, proxy.ts: 6ms, render: 1261ms)
 POST /rep/requests 200 in 1328ms (compile: 3ms, proxy.ts: 4ms, render: 1321ms)
 POST /rep/requests 200 in 1388ms (compile: 4ms, proxy.ts: 4ms, render: 1380ms)
 POST /rep/requests 200 in 1258ms (compile: 3ms, proxy.ts: 4ms, render: 1252ms)
[?25h
