
> golderapharm@0.1.0 lint
> eslint


/Users/marwan/Documents/Golderapharm/goldFront/features/plan/components/supervisor/CreatePlanDialogSupervisor.tsx
  194:28  warning  Compilation Skipped: Use of incompatible library

This API returns functions which cannot be memoized without leading to stale UI. To prevent this, by default React Compiler will skip memoizing this component/hook. However, you may see issues if values from this API are passed to other components/hooks that are memoized.

/Users/marwan/Documents/Golderapharm/goldFront/features/plan/components/supervisor/CreatePlanDialogSupervisor.tsx:194:28
  192 |   };
  193 |
> 194 |   const doctorsWithDates = form.watch("doctorsWithDates");
      |                            ^^^^ React Hook Form's `useForm()` API returns a `watch()` function which cannot be memoized safely.
  195 |   const startDate = form.watch("startDate");
  196 |   const endDate = form.watch("endDate");
  197 |  react-hooks/incompatible-library

/Users/marwan/Documents/Golderapharm/goldFront/features/reports/_archived/components/ReportConfiguration.tsx
  94:20  warning  Compilation Skipped: Use of incompatible library

This API returns functions which cannot be memoized without leading to stale UI. To prevent this, by default React Compiler will skip memoizing this component/hook. However, you may see issues if values from this API are passed to other components/hooks that are memoized.

/Users/marwan/Documents/Golderapharm/goldFront/features/reports/_archived/components/ReportConfiguration.tsx:94:20
  92 |   }
  93 |
> 94 |   const fromDate = form.watch("fromDate");
     |                    ^^^^ React Hook Form's `useForm()` API returns a `watch()` function which cannot be memoized safely.
  95 |   // const toDate = form.watch("toDate");
  96 |
  97 |   return (  react-hooks/incompatible-library

/Users/marwan/Documents/Golderapharm/goldFront/features/requests/components/CreateRequestWizard.tsx
  841:22  warning  Compilation Skipped: Use of incompatible library

This API returns functions which cannot be memoized without leading to stale UI. To prevent this, by default React Compiler will skip memoizing this component/hook. However, you may see issues if values from this API are passed to other components/hooks that are memoized.

/Users/marwan/Documents/Golderapharm/goldFront/features/requests/components/CreateRequestWizard.tsx:841:22
  839 |                   </span>
  840 |                   <h3 className="text-base font-bold text-[#182033]">
> 841 |                     {form.watch("title")}
      |                      ^^^^ React Hook Form's `useForm()` API returns a `watch()` function which cannot be memoized safely.
  842 |                   </h3>
  843 |                   <p className="text-xs text-[#667085]">
  844 |                     {REQUEST_TYPES.find((t) => t.type === selectedType)?.title} ·{" "}  react-hooks/incompatible-library

/Users/marwan/Documents/Golderapharm/goldFront/features/sales/components/SalesTable.tsx
  484:3  warning  'isRep' is assigned a value but never used  @typescript-eslint/no-unused-vars

✖ 4 problems (0 errors, 4 warnings)

